---------------------------------------
Begin Slurm Prolog: Mar-30-2026 14:47:28
Job ID:    4556704
User ID:   acheng324
Account:   coc
Job name:  soccerstwos
Partition: pace-cpu
QOS:       coe-ice
---------------------------------------
/home/hice1/acheng324/scratch/conda_envs/soccertwos/lib/python3.8/site-packages/ray/autoscaler/_private/cli_logger.py:57: FutureWarning: Not all Ray CLI dependencies were found. In Ray 1.4+, the Ray CLI, autoscaler, and dashboard will only be usable via `pip install 'ray[default]'`. Please update your install command.
  warnings.warn(
WARNING: All log messages before absl::InitializeLog() is called are written to STDERR
I0000 00:00:1774896455.544349  662225 fork_posix.cc:75] Other threads are currently calling into gRPC, skipping fork() handlers
[INFO] Connected to Unity environment with package version 2.1.0-exp.1 and communication version 1.5.0
INFO:mlagents_envs.environment:Connected to Unity environment with package version 2.1.0-exp.1 and communication version 1.5.0
[INFO] Connected new brain: SoccerTwos?team=1
INFO:mlagents_envs.environment:Connected new brain: SoccerTwos?team=1
[INFO] Connected new brain: SoccerTwos?team=0
INFO:mlagents_envs.environment:Connected new brain: SoccerTwos?team=0
[2026-03-30T14:47:56.692] error: *** JOB 4556704 ON atl1-1-02-010-1-1 CANCELLED AT 2026-03-30T14:47:56 DUE to SIGNAL Terminated ***
---------------------------------------
Begin Slurm Epilog: Mar-30-2026 14:47:59
Job ID:        4556704
User ID:       acheng324
Account:       coc
Job name:      soccerstwos
Resources:     cpu=32,mem=192G,node=4
Rsrc Used:     cput=00:14:56,vmem=0,walltime=00:00:28,mem=1664232K,energy_used=0
Partition:     pace-cpu
QOS:           coe-ice
Nodes:         atl1-1-02-010-1-[1-2],atl1-1-02-010-2-[1-2]
---------------------------------------
