---------------------------------------
Begin Slurm Prolog: Apr-07-2026 17:04:48
Job ID:    4622596
User ID:   acheng324
Account:   coc
Job name:  soccertwos
Partition: ice-gpu
QOS:       coc-ice
---------------------------------------
=== Job Info ===
Node:    atl1-1-02-011-31-0.pace.gatech.edu
Time:    Tue Apr  7 17:05:00 EDT 2026
Python:  /home/hice1/acheng324/scratch/conda_envs/soccertwos/bin/python
GPUs:    0
================
[INFO] Connected to Unity environment with package version 2.1.0-exp.1 and communication version 1.5.0
[INFO] Connected new brain: SoccerTwos?team=1
[INFO] Connected new brain: SoccerTwos?team=0
== Status ==
Memory usage on this node: 35.6/376.1 GiB
Using FIFO scheduling algorithm.
Resources requested: 0/24 CPUs, 0/1 GPUs, 0.0/234.67 GiB heap, 0.0/104.57 GiB objects (0.0/1.0 accelerator_type:V100)
Result logdir: /storage/ice1/4/7/acheng324/soccer-twos-starter/ray_results/PPO_curriculum
Number of trials: 1/1 (1 PENDING)
+------------------------+----------+-------+
| Trial name             | status   | loc   |
|------------------------+----------+-------|
| PPO_Soccer_9e12e_00000 | PENDING  |       |
+------------------------+----------+-------+


[2m[36m(pid=4008851, ip=172.27.147.8)[0m [INFO] Connected to Unity environment with package version 2.1.0-exp.1 and communication version 1.5.0
[2m[36m(pid=4008851, ip=172.27.147.8)[0m [INFO] Connected new brain: SoccerTwos?team=1
[2m[36m(pid=4008851, ip=172.27.147.8)[0m [INFO] Connected new brain: SoccerTwos?team=0
[2m[36m(pid=4008870, ip=172.27.147.8)[0m [INFO] Connected to Unity environment with package version 2.1.0-exp.1 and communication version 1.5.0
[2m[36m(pid=4008870, ip=172.27.147.8)[0m [INFO] Connected new brain: SoccerTwos?team=1
[2m[36m(pid=4008870, ip=172.27.147.8)[0m [INFO] Connected new brain: SoccerTwos?team=0
[2m[36m(pid=4008872, ip=172.27.147.8)[0m [INFO] Connected to Unity environment with package version 2.1.0-exp.1 and communication version 1.5.0
[2m[36m(pid=4008872, ip=172.27.147.8)[0m [INFO] Connected new brain: SoccerTwos?team=1
[2m[36m(pid=4008872, ip=172.27.147.8)[0m [INFO] Connected new brain: SoccerTwos?team=0
[2m[36m(pid=4008869, ip=172.27.147.8)[0m [INFO] Connected to Unity environment with package version 2.1.0-exp.1 and communication version 1.5.0
[2m[36m(pid=4008857, ip=172.27.147.8)[0m [INFO] Connected to Unity environment with package version 2.1.0-exp.1 and communication version 1.5.0
[2m[36m(pid=4008861, ip=172.27.147.8)[0m [INFO] Connected to Unity environment with package version 2.1.0-exp.1 and communication version 1.5.0
[2m[36m(pid=4008874, ip=172.27.147.8)[0m [INFO] Connected to Unity environment with package version 2.1.0-exp.1 and communication version 1.5.0
[2m[36m(pid=4008856, ip=172.27.147.8)[0m [INFO] Connected to Unity environment with package version 2.1.0-exp.1 and communication version 1.5.0
[2m[36m(pid=4008873, ip=172.27.147.8)[0m [INFO] Connected to Unity environment with package version 2.1.0-exp.1 and communication version 1.5.0
[2m[36m(pid=4008874, ip=172.27.147.8)[0m [INFO] Connected new brain: SoccerTwos?team=1
[2m[36m(pid=4008874, ip=172.27.147.8)[0m [INFO] Connected new brain: SoccerTwos?team=0
[2m[36m(pid=4008855, ip=172.27.147.8)[0m [INFO] Connected to Unity environment with package version 2.1.0-exp.1 and communication version 1.5.0
[2m[36m(pid=4008860, ip=172.27.147.8)[0m [INFO] Connected to Unity environment with package version 2.1.0-exp.1 and communication version 1.5.0
[2m[36m(pid=4008868, ip=172.27.147.8)[0m [INFO] Connected to Unity environment with package version 2.1.0-exp.1 and communication version 1.5.0
[2m[36m(pid=4008859, ip=172.27.147.8)[0m [INFO] Connected to Unity environment with package version 2.1.0-exp.1 and communication version 1.5.0
[2m[36m(pid=4008869, ip=172.27.147.8)[0m [INFO] Connected new brain: SoccerTwos?team=1
[2m[36m(pid=4008869, ip=172.27.147.8)[0m [INFO] Connected new brain: SoccerTwos?team=0
[2m[36m(pid=4008857, ip=172.27.147.8)[0m [INFO] Connected new brain: SoccerTwos?team=1
[2m[36m(pid=4008857, ip=172.27.147.8)[0m [INFO] Connected new brain: SoccerTwos?team=0
[2m[36m(pid=4008861, ip=172.27.147.8)[0m [INFO] Connected new brain: SoccerTwos?team=1
[2m[36m(pid=4008861, ip=172.27.147.8)[0m [INFO] Connected new brain: SoccerTwos?team=0
[2m[36m(pid=4008856, ip=172.27.147.8)[0m [INFO] Connected new brain: SoccerTwos?team=1
[2m[36m(pid=4008856, ip=172.27.147.8)[0m [INFO] Connected new brain: SoccerTwos?team=0
[2m[36m(pid=4008873, ip=172.27.147.8)[0m [INFO] Connected new brain: SoccerTwos?team=1
[2m[36m(pid=4008873, ip=172.27.147.8)[0m [INFO] Connected new brain: SoccerTwos?team=0
[2m[36m(pid=4008860, ip=172.27.147.8)[0m [INFO] Connected new brain: SoccerTwos?team=1
[2m[36m(pid=4008860, ip=172.27.147.8)[0m [INFO] Connected new brain: SoccerTwos?team=0
[2m[36m(pid=4008868, ip=172.27.147.8)[0m [INFO] Connected new brain: SoccerTwos?team=1
[2m[36m(pid=4008868, ip=172.27.147.8)[0m [INFO] Connected new brain: SoccerTwos?team=0
[2m[36m(pid=4008859, ip=172.27.147.8)[0m [INFO] Connected new brain: SoccerTwos?team=1
[2m[36m(pid=4008859, ip=172.27.147.8)[0m [INFO] Connected new brain: SoccerTwos?team=0
[2m[36m(pid=4008867, ip=172.27.147.8)[0m [INFO] Connected to Unity environment with package version 2.1.0-exp.1 and communication version 1.5.0
[2m[36m(pid=4008855, ip=172.27.147.8)[0m [INFO] Connected new brain: SoccerTwos?team=1
[2m[36m(pid=4008855, ip=172.27.147.8)[0m [INFO] Connected new brain: SoccerTwos?team=0
[2m[36m(pid=4008867, ip=172.27.147.8)[0m [INFO] Connected new brain: SoccerTwos?team=1
[2m[36m(pid=4008867, ip=172.27.147.8)[0m [INFO] Connected new brain: SoccerTwos?team=0
[2m[36m(pid=4008869, ip=172.27.147.8)[0m [INFO] Connected to Unity environment with package version 2.1.0-exp.1 and communication version 1.5.0
[2m[36m(pid=4008869, ip=172.27.147.8)[0m [INFO] Connected new brain: SoccerTwos?team=1
[2m[36m(pid=4008869, ip=172.27.147.8)[0m [INFO] Connected new brain: SoccerTwos?team=0
[2m[36m(pid=4008857, ip=172.27.147.8)[0m [INFO] Connected to Unity environment with package version 2.1.0-exp.1 and communication version 1.5.0
[2m[36m(pid=4008874, ip=172.27.147.8)[0m [INFO] Connected to Unity environment with package version 2.1.0-exp.1 and communication version 1.5.0
[2m[36m(pid=4008861, ip=172.27.147.8)[0m [INFO] Connected to Unity environment with package version 2.1.0-exp.1 and communication version 1.5.0
[2m[36m(pid=4008856, ip=172.27.147.8)[0m [INFO] Connected to Unity environment with package version 2.1.0-exp.1 and communication version 1.5.0
[2m[36m(pid=4008873, ip=172.27.147.8)[0m [INFO] Connected to Unity environment with package version 2.1.0-exp.1 and communication version 1.5.0
[2m[36m(pid=4008855, ip=172.27.147.8)[0m [INFO] Connected to Unity environment with package version 2.1.0-exp.1 and communication version 1.5.0
[2m[36m(pid=4008868, ip=172.27.147.8)[0m [INFO] Connected to Unity environment with package version 2.1.0-exp.1 and communication version 1.5.0
[2m[36m(pid=4008867, ip=172.27.147.8)[0m [INFO] Connected to Unity environment with package version 2.1.0-exp.1 and communication version 1.5.0
[2m[36m(pid=4008857, ip=172.27.147.8)[0m [INFO] Connected new brain: SoccerTwos?team=1
[2m[36m(pid=4008857, ip=172.27.147.8)[0m [INFO] Connected new brain: SoccerTwos?team=0
[2m[36m(pid=4008874, ip=172.27.147.8)[0m [INFO] Connected new brain: SoccerTwos?team=1
[2m[36m(pid=4008874, ip=172.27.147.8)[0m [INFO] Connected new brain: SoccerTwos?team=0
[2m[36m(pid=4008873, ip=172.27.147.8)[0m [INFO] Connected new brain: SoccerTwos?team=1
[2m[36m(pid=4008873, ip=172.27.147.8)[0m [INFO] Connected new brain: SoccerTwos?team=0
[2m[36m(pid=4008860, ip=172.27.147.8)[0m [INFO] Connected to Unity environment with package version 2.1.0-exp.1 and communication version 1.5.0
[2m[36m(pid=4008868, ip=172.27.147.8)[0m [INFO] Connected new brain: SoccerTwos?team=1
[2m[36m(pid=4008868, ip=172.27.147.8)[0m [INFO] Connected new brain: SoccerTwos?team=0
[2m[36m(pid=4008859, ip=172.27.147.8)[0m [INFO] Connected to Unity environment with package version 2.1.0-exp.1 and communication version 1.5.0
[2m[36m(pid=4008856, ip=172.27.147.8)[0m [INFO] Connected new brain: SoccerTwos?team=1
[2m[36m(pid=4008856, ip=172.27.147.8)[0m [INFO] Connected new brain: SoccerTwos?team=0
[2m[36m(pid=4008861, ip=172.27.147.8)[0m [INFO] Connected new brain: SoccerTwos?team=1
[2m[36m(pid=4008861, ip=172.27.147.8)[0m [INFO] Connected new brain: SoccerTwos?team=0
[2m[36m(pid=4008855, ip=172.27.147.8)[0m [INFO] Connected new brain: SoccerTwos?team=1
[2m[36m(pid=4008855, ip=172.27.147.8)[0m [INFO] Connected new brain: SoccerTwos?team=0
[2m[36m(pid=4008860, ip=172.27.147.8)[0m [INFO] Connected new brain: SoccerTwos?team=1
[2m[36m(pid=4008860, ip=172.27.147.8)[0m [INFO] Connected new brain: SoccerTwos?team=0
[2m[36m(pid=4008859, ip=172.27.147.8)[0m [INFO] Connected new brain: SoccerTwos?team=1
[2m[36m(pid=4008859, ip=172.27.147.8)[0m [INFO] Connected new brain: SoccerTwos?team=0
[2m[36m(pid=4008867, ip=172.27.147.8)[0m [INFO] Connected new brain: SoccerTwos?team=1
[2m[36m(pid=4008867, ip=172.27.147.8)[0m [INFO] Connected new brain: SoccerTwos?team=0
[2m[36m(pid=4008869, ip=172.27.147.8)[0m [INFO] Connected to Unity environment with package version 2.1.0-exp.1 and communication version 1.5.0
[2m[36m(pid=4008869, ip=172.27.147.8)[0m [INFO] Connected new brain: SoccerTwos?team=1
[2m[36m(pid=4008869, ip=172.27.147.8)[0m [INFO] Connected new brain: SoccerTwos?team=0
[2m[36m(pid=4008857, ip=172.27.147.8)[0m [INFO] Connected to Unity environment with package version 2.1.0-exp.1 and communication version 1.5.0
[2m[36m(pid=4008861, ip=172.27.147.8)[0m [INFO] Connected to Unity environment with package version 2.1.0-exp.1 and communication version 1.5.0
[2m[36m(pid=4008874, ip=172.27.147.8)[0m [INFO] Connected to Unity environment with package version 2.1.0-exp.1 and communication version 1.5.0
[2m[36m(pid=4008856, ip=172.27.147.8)[0m [INFO] Connected to Unity environment with package version 2.1.0-exp.1 and communication version 1.5.0
[2m[36m(pid=4008855, ip=172.27.147.8)[0m [INFO] Connected to Unity environment with package version 2.1.0-exp.1 and communication version 1.5.0
[2m[36m(pid=4008861, ip=172.27.147.8)[0m [INFO] Connected new brain: SoccerTwos?team=1
[2m[36m(pid=4008861, ip=172.27.147.8)[0m [INFO] Connected new brain: SoccerTwos?team=0
[2m[36m(pid=4008855, ip=172.27.147.8)[0m [INFO] Connected new brain: SoccerTwos?team=1
[2m[36m(pid=4008855, ip=172.27.147.8)[0m [INFO] Connected new brain: SoccerTwos?team=0
[2m[36m(pid=4008868, ip=172.27.147.8)[0m [INFO] Connected to Unity environment with package version 2.1.0-exp.1 and communication version 1.5.0
[2m[36m(pid=4008857, ip=172.27.147.8)[0m [INFO] Connected new brain: SoccerTwos?team=1
[2m[36m(pid=4008857, ip=172.27.147.8)[0m [INFO] Connected new brain: SoccerTwos?team=0
[2m[36m(pid=4008874, ip=172.27.147.8)[0m [INFO] Connected new brain: SoccerTwos?team=1
[2m[36m(pid=4008874, ip=172.27.147.8)[0m [INFO] Connected new brain: SoccerTwos?team=0
[2m[36m(pid=4008856, ip=172.27.147.8)[0m [INFO] Connected new brain: SoccerTwos?team=1
[2m[36m(pid=4008856, ip=172.27.147.8)[0m [INFO] Connected new brain: SoccerTwos?team=0
[2m[36m(pid=4008860, ip=172.27.147.8)[0m [INFO] Connected to Unity environment with package version 2.1.0-exp.1 and communication version 1.5.0
[2m[36m(pid=4008868, ip=172.27.147.8)[0m [INFO] Connected new brain: SoccerTwos?team=1
[2m[36m(pid=4008868, ip=172.27.147.8)[0m [INFO] Connected new brain: SoccerTwos?team=0
[2m[36m(pid=4008859, ip=172.27.147.8)[0m [INFO] Connected to Unity environment with package version 2.1.0-exp.1 and communication version 1.5.0
[2m[36m(pid=4008860, ip=172.27.147.8)[0m [INFO] Connected new brain: SoccerTwos?team=1
[2m[36m(pid=4008860, ip=172.27.147.8)[0m [INFO] Connected new brain: SoccerTwos?team=0
[2m[36m(pid=4008859, ip=172.27.147.8)[0m [INFO] Connected new brain: SoccerTwos?team=1
[2m[36m(pid=4008859, ip=172.27.147.8)[0m [INFO] Connected new brain: SoccerTwos?team=0
[2m[36m(pid=4008873, ip=172.27.147.8)[0m [INFO] Connected to Unity environment with package version 2.1.0-exp.1 and communication version 1.5.0
[2m[36m(pid=4008873, ip=172.27.147.8)[0m [INFO] Connected new brain: SoccerTwos?team=1
[2m[36m(pid=4008873, ip=172.27.147.8)[0m [INFO] Connected new brain: SoccerTwos?team=0
[2m[36m(pid=4008867, ip=172.27.147.8)[0m [INFO] Connected to Unity environment with package version 2.1.0-exp.1 and communication version 1.5.0
[2m[36m(pid=4008867, ip=172.27.147.8)[0m [INFO] Connected new brain: SoccerTwos?team=1
[2m[36m(pid=4008867, ip=172.27.147.8)[0m [INFO] Connected new brain: SoccerTwos?team=0
[2m[36m(pid=4008870, ip=172.27.147.8)[0m [INFO] Connected to Unity environment with package version 2.1.0-exp.1 and communication version 1.5.0
[2m[36m(pid=4008851, ip=172.27.147.8)[0m [INFO] Connected to Unity environment with package version 2.1.0-exp.1 and communication version 1.5.0
[2m[36m(pid=4008870, ip=172.27.147.8)[0m [INFO] Connected new brain: SoccerTwos?team=1
[2m[36m(pid=4008870, ip=172.27.147.8)[0m [INFO] Connected new brain: SoccerTwos?team=0
[2m[36m(pid=4008872, ip=172.27.147.8)[0m [INFO] Connected to Unity environment with package version 2.1.0-exp.1 and communication version 1.5.0
[2m[36m(pid=4008851, ip=172.27.147.8)[0m [INFO] Connected new brain: SoccerTwos?team=1
[2m[36m(pid=4008851, ip=172.27.147.8)[0m [INFO] Connected new brain: SoccerTwos?team=0
[2m[36m(pid=4008872, ip=172.27.147.8)[0m [INFO] Connected new brain: SoccerTwos?team=1
[2m[36m(pid=4008872, ip=172.27.147.8)[0m [INFO] Connected new brain: SoccerTwos?team=0
[2m[36m(pid=4008870, ip=172.27.147.8)[0m [INFO] Connected to Unity environment with package version 2.1.0-exp.1 and communication version 1.5.0
[2m[36m(pid=4008872, ip=172.27.147.8)[0m [INFO] Connected to Unity environment with package version 2.1.0-exp.1 and communication version 1.5.0
[2m[36m(pid=4008870, ip=172.27.147.8)[0m [INFO] Connected new brain: SoccerTwos?team=1
[2m[36m(pid=4008870, ip=172.27.147.8)[0m [INFO] Connected new brain: SoccerTwos?team=0
[2m[36m(pid=4008872, ip=172.27.147.8)[0m [INFO] Connected new brain: SoccerTwos?team=1
[2m[36m(pid=4008872, ip=172.27.147.8)[0m [INFO] Connected new brain: SoccerTwos?team=0
[2m[36m(pid=4008851, ip=172.27.147.8)[0m [INFO] Connected to Unity environment with package version 2.1.0-exp.1 and communication version 1.5.0
[2m[36m(pid=4008851, ip=172.27.147.8)[0m [INFO] Connected new brain: SoccerTwos?team=1
[2m[36m(pid=4008851, ip=172.27.147.8)[0m [INFO] Connected new brain: SoccerTwos?team=0
Result for PPO_Soccer_9e12e_00000:
  agent_timesteps_total: 11172
  custom_metrics: {}
  date: 2026-04-07_17-07-26
  done: false
  episode_len_mean: 798.0
  episode_media: {}
  episode_reward_max: 2.2183433122979483
  episode_reward_mean: 1.0443892592382948
  episode_reward_min: 0.04360835641622542
  episodes_this_iter: 14
  episodes_total: 14
  experiment_id: 67c28e94430a4f5b908084dd293080ee
  hostname: atl1-1-02-011-31-0.pace.gatech.edu
  info:
    learner:
      default_policy:
        learner_stats:
          allreduce_latency: 0.0
          cur_kl_coeff: 0.19999999999999998
          cur_lr: 5.0000000000000016e-05
          entropy: 3.279626900499517
          entropy_coeff: 0.0
          kl: 0.016393637750297785
          policy_loss: -0.05773950504689393
          total_loss: -0.044276137920943176
          vf_explained_var: 0.684117317199707
          vf_loss: 0.010184640001336282
    num_agent_steps_sampled: 11172
    num_steps_sampled: 11172
    num_steps_trained: 11172
  iterations_since_restore: 1
  node_ip: 0.0.0.0
  num_healthy_workers: 14
  off_policy_estimator: {}
  perf:
    cpu_util_percent: 69.07777777777777
    ram_util_percent: 9.601851851851855
  pid: 4008864
  policy_reward_max: {}
  policy_reward_mean: {}
  policy_reward_min: {}
  sampler_perf:
    mean_action_processing_ms: 0.11653503393241833
    mean_env_render_ms: 0.0
    mean_env_wait_ms: 20.93679188919157
    mean_inference_ms: 2.2513807461137447
    mean_raw_obs_processing_ms: 0.2499682469681026
  time_since_restore: 37.59658908843994
  time_this_iter_s: 37.59658908843994
  time_total_s: 37.59658908843994
  timers:
    learn_throughput: 771.697
    learn_time_ms: 14477.181
    sample_throughput: 483.421
    sample_time_ms: 23110.269
    update_time_ms: 3.974
  timestamp: 1775596046
  timesteps_since_restore: 0
  timesteps_total: 11172
  training_iteration: 1
  trial_id: 9e12e_00000
  
== Status ==
Memory usage on this node: 39.9/376.1 GiB
Using FIFO scheduling algorithm.
Resources requested: 15.0/24 CPUs, 1.0/1 GPUs, 0.0/234.67 GiB heap, 0.0/104.57 GiB objects (0.0/1.0 accelerator_type:V100)
Result logdir: /storage/ice1/4/7/acheng324/soccer-twos-starter/ray_results/PPO_curriculum
Number of trials: 1/1 (1 RUNNING)
+------------------------+----------+-----------------+--------+------------------+-------+----------+----------------------+----------------------+--------------------+
| Trial name             | status   | loc             |   iter |   total time (s) |    ts |   reward |   episode_reward_max |   episode_reward_min |   episode_len_mean |
|------------------------+----------+-----------------+--------+------------------+-------+----------+----------------------+----------------------+--------------------|
| PPO_Soccer_9e12e_00000 | RUNNING  | 0.0.0.0:4008864 |      1 |          37.5966 | 11172 |  1.04439 |              2.21834 |            0.0436084 |                798 |
+------------------------+----------+-----------------+--------+------------------+-------+----------+----------------------+----------------------+--------------------+


Result for PPO_Soccer_9e12e_00000:
  agent_timesteps_total: 24627
  custom_metrics: {}
  date: 2026-04-07_17-07-52
  done: false
  episode_len_mean: 879.5357142857143
  episode_media: {}
  episode_reward_max: 2.2183433122979483
  episode_reward_mean: 0.9376605175414754
  episode_reward_min: 0.01848271280527115
  episodes_this_iter: 14
  episodes_total: 28
  experiment_id: 67c28e94430a4f5b908084dd293080ee
  hostname: atl1-1-02-011-31-0.pace.gatech.edu
  info:
    learner:
      default_policy:
        learner_stats:
          allreduce_latency: 0.0
          cur_kl_coeff: 0.19999999999999998
          cur_lr: 5.000000000000001e-05
          entropy: 3.2768472770474992
          entropy_coeff: 0.0
          kl: 0.018631617591347335
          policy_loss: -0.058134307531323634
          total_loss: -0.05048827655648567
          vf_explained_var: 0.5889744162559509
          vf_loss: 0.0039197068896478495
    num_agent_steps_sampled: 24627
    num_steps_sampled: 24627
    num_steps_trained: 24627
  iterations_since_restore: 2
  node_ip: 0.0.0.0
  num_healthy_workers: 14
  off_policy_estimator: {}
  perf:
    cpu_util_percent: 47.5081081081081
    ram_util_percent: 10.572972972972975
  pid: 4008864
  policy_reward_max: {}
  policy_reward_mean: {}
  policy_reward_min: {}
  sampler_perf:
    mean_action_processing_ms: 0.11292627624994787
    mean_env_render_ms: 0.0
    mean_env_wait_ms: 20.362117445326295
    mean_inference_ms: 2.1359592972141033
    mean_raw_obs_processing_ms: 0.24724757030826044
  time_since_restore: 63.36210608482361
  time_this_iter_s: 25.765516996383667
  time_total_s: 63.36210608482361
  timers:
    learn_throughput: 799.282
    learn_time_ms: 15405.711
    sample_throughput: 759.636
    sample_time_ms: 16209.729
    update_time_ms: 4.079
  timestamp: 1775596072
  timesteps_since_restore: 0
  timesteps_total: 24627
  training_iteration: 2
  trial_id: 9e12e_00000
  
== Status ==
Memory usage on this node: 39.9/376.1 GiB
Using FIFO scheduling algorithm.
Resources requested: 15.0/24 CPUs, 1.0/1 GPUs, 0.0/234.67 GiB heap, 0.0/104.57 GiB objects (0.0/1.0 accelerator_type:V100)
Result logdir: /storage/ice1/4/7/acheng324/soccer-twos-starter/ray_results/PPO_curriculum
Number of trials: 1/1 (1 RUNNING)
+------------------------+----------+-----------------+--------+------------------+-------+----------+----------------------+----------------------+--------------------+
| Trial name             | status   | loc             |   iter |   total time (s) |    ts |   reward |   episode_reward_max |   episode_reward_min |   episode_len_mean |
|------------------------+----------+-----------------+--------+------------------+-------+----------+----------------------+----------------------+--------------------|
| PPO_Soccer_9e12e_00000 | RUNNING  | 0.0.0.0:4008864 |      2 |          63.3621 | 24627 | 0.937661 |              2.21834 |            0.0184827 |            879.536 |
+------------------------+----------+-----------------+--------+------------------+-------+----------+----------------------+----------------------+--------------------+


Result for PPO_Soccer_9e12e_00000:
  agent_timesteps_total: 38627
  custom_metrics: {}
  date: 2026-04-07_17-08-18
  done: false
  episode_len_mean: 919.6904761904761
  episode_media: {}
  episode_reward_max: 2.5213401603139944
  episode_reward_mean: 0.9721747857622715
  episode_reward_min: 0.01848271280527115
  episodes_this_iter: 14
  episodes_total: 42
  experiment_id: 67c28e94430a4f5b908084dd293080ee
  hostname: atl1-1-02-011-31-0.pace.gatech.edu
  info:
    learner:
      default_policy:
        learner_stats:
          allreduce_latency: 0.0
          cur_kl_coeff: 0.19999999999999996
          cur_lr: 4.9999999999999996e-05
          entropy: 3.2752232724970036
          entropy_coeff: 0.0
          kl: 0.02147110372104428
          policy_loss: -0.06353087548843839
          total_loss: -0.05508377611721781
          vf_explained_var: 0.5688003897666931
          vf_loss: 0.004152878712524067
    num_agent_steps_sampled: 38627
    num_steps_sampled: 38627
    num_steps_trained: 38627
  iterations_since_restore: 3
  node_ip: 0.0.0.0
  num_healthy_workers: 14
  off_policy_estimator: {}
  perf:
    cpu_util_percent: 40.46756756756757
    ram_util_percent: 10.90810810810811
  pid: 4008864
  policy_reward_max: {}
  policy_reward_mean: {}
  policy_reward_min: {}
  sampler_perf:
    mean_action_processing_ms: 0.11126559228306614
    mean_env_render_ms: 0.0
    mean_env_wait_ms: 20.093125985782823
    mean_inference_ms: 2.085374755013837
    mean_raw_obs_processing_ms: 0.246458398888098
  time_since_restore: 89.35058951377869
  time_this_iter_s: 25.988483428955078
  time_total_s: 89.35058951377869
  timers:
    learn_throughput: 729.766
    learn_time_ms: 17643.545
    sample_throughput: 1067.704
    sample_time_ms: 12059.205
    update_time_ms: 3.818
  timestamp: 1775596098
  timesteps_since_restore: 0
  timesteps_total: 38627
  training_iteration: 3
  trial_id: 9e12e_00000
  
== Status ==
Memory usage on this node: 39.8/376.1 GiB
Using FIFO scheduling algorithm.
Resources requested: 15.0/24 CPUs, 1.0/1 GPUs, 0.0/234.67 GiB heap, 0.0/104.57 GiB objects (0.0/1.0 accelerator_type:V100)
Result logdir: /storage/ice1/4/7/acheng324/soccer-twos-starter/ray_results/PPO_curriculum
Number of trials: 1/1 (1 RUNNING)
+------------------------+----------+-----------------+--------+------------------+-------+----------+----------------------+----------------------+--------------------+
| Trial name             | status   | loc             |   iter |   total time (s) |    ts |   reward |   episode_reward_max |   episode_reward_min |   episode_len_mean |
|------------------------+----------+-----------------+--------+------------------+-------+----------+----------------------+----------------------+--------------------|
| PPO_Soccer_9e12e_00000 | RUNNING  | 0.0.0.0:4008864 |      3 |          89.3506 | 38627 | 0.972175 |              2.52134 |            0.0184827 |             919.69 |
+------------------------+----------+-----------------+--------+------------------+-------+----------+----------------------+----------------------+--------------------+


Result for PPO_Soccer_9e12e_00000:
  agent_timesteps_total: 47833
  custom_metrics: {}
  date: 2026-04-07_17-08-52
  done: false
  episode_len_mean: 797.2166666666667
  episode_media: {}
  episode_reward_max: 2.5213401603139944
  episode_reward_mean: 1.1138290270743212
  episode_reward_min: -0.6185088619217292
  episodes_this_iter: 18
  episodes_total: 60
  experiment_id: 67c28e94430a4f5b908084dd293080ee
  hostname: atl1-1-02-011-31-0.pace.gatech.edu
  info:
    learner:
      default_policy:
        learner_stats:
          allreduce_latency: 0.0
          cur_kl_coeff: 0.30000000000000004
          cur_lr: 5.000000000000001e-05
          entropy: 3.255112005604638
          entropy_coeff: 0.0
          kl: 0.01638123371069216
          policy_loss: -0.07370406144764274
          total_loss: 0.012479371753417783
          vf_explained_var: 0.4411775767803192
          vf_loss: 0.08126906326247586
    num_agent_steps_sampled: 47833
    num_steps_sampled: 47833
    num_steps_trained: 47833
  iterations_since_restore: 4
  node_ip: 0.0.0.0
  num_healthy_workers: 14
  off_policy_estimator: {}
  perf:
    cpu_util_percent: 61.10204081632653
    ram_util_percent: 10.622448979591839
  pid: 4008864
  policy_reward_max: {}
  policy_reward_mean: {}
  policy_reward_min: {}
  sampler_perf:
    mean_action_processing_ms: 0.1108419977251902
    mean_env_render_ms: 0.0
    mean_env_wait_ms: 20.020801401353093
    mean_inference_ms: 2.0376759783651837
    mean_raw_obs_processing_ms: 0.2490852088813383
  time_since_restore: 123.28361058235168
  time_this_iter_s: 33.933021068573
  time_total_s: 123.28361058235168
  timers:
    learn_throughput: 712.195
    learn_time_ms: 16790.703
    sample_throughput: 857.844
    sample_time_ms: 13939.888
    update_time_ms: 3.623
  timestamp: 1775596132
  timesteps_since_restore: 0
  timesteps_total: 47833
  training_iteration: 4
  trial_id: 9e12e_00000
  
== Status ==
Memory usage on this node: 40.2/376.1 GiB
Using FIFO scheduling algorithm.
Resources requested: 15.0/24 CPUs, 1.0/1 GPUs, 0.0/234.67 GiB heap, 0.0/104.57 GiB objects (0.0/1.0 accelerator_type:V100)
Result logdir: /storage/ice1/4/7/acheng324/soccer-twos-starter/ray_results/PPO_curriculum
Number of trials: 1/1 (1 RUNNING)
+------------------------+----------+-----------------+--------+------------------+-------+----------+----------------------+----------------------+--------------------+
| Trial name             | status   | loc             |   iter |   total time (s) |    ts |   reward |   episode_reward_max |   episode_reward_min |   episode_len_mean |
|------------------------+----------+-----------------+--------+------------------+-------+----------+----------------------+----------------------+--------------------|
| PPO_Soccer_9e12e_00000 | RUNNING  | 0.0.0.0:4008864 |      4 |          123.284 | 47833 |  1.11383 |              2.52134 |            -0.618509 |            797.217 |
+------------------------+----------+-----------------+--------+------------------+-------+----------+----------------------+----------------------+--------------------+


Result for PPO_Soccer_9e12e_00000:
  agent_timesteps_total: 61268
  custom_metrics: {}
  date: 2026-04-07_17-09-18
  done: false
  episode_len_mean: 785.4871794871794
  episode_media: {}
  episode_reward_max: 2.5213401603139944
  episode_reward_mean: 1.2123785457004814
  episode_reward_min: -0.6185088619217292
  episodes_this_iter: 18
  episodes_total: 78
  experiment_id: 67c28e94430a4f5b908084dd293080ee
  hostname: atl1-1-02-011-31-0.pace.gatech.edu
  info:
    learner:
      default_policy:
        learner_stats:
          allreduce_latency: 0.0
          cur_kl_coeff: 0.3
          cur_lr: 5.000000000000001e-05
          entropy: 3.2440428461347306
          entropy_coeff: 0.0
          kl: 0.021120622612181165
          policy_loss: -0.06770115152799658
          total_loss: -0.03247365162131332
          vf_explained_var: 0.35748058557510376
          vf_loss: 0.028891314158127422
    num_agent_steps_sampled: 61268
    num_steps_sampled: 61268
    num_steps_trained: 61268
  iterations_since_restore: 5
  node_ip: 0.0.0.0
  num_healthy_workers: 14
  off_policy_estimator: {}
  perf:
    cpu_util_percent: 50.81621621621621
    ram_util_percent: 10.848648648648652
  pid: 4008864
  policy_reward_max: {}
  policy_reward_mean: {}
  policy_reward_min: {}
  sampler_perf:
    mean_action_processing_ms: 0.1100143694206076
    mean_env_render_ms: 0.0
    mean_env_wait_ms: 19.88869604790623
    mean_inference_ms: 1.9951583612033552
    mean_raw_obs_processing_ms: 0.2505417369250264
  time_since_restore: 149.2021827697754
  time_this_iter_s: 25.918572187423706
  time_total_s: 149.2021827697754
  timers:
    learn_throughput: 728.768
    learn_time_ms: 16814.141
    sample_throughput: 947.249
    sample_time_ms: 12935.983
    update_time_ms: 3.687
  timestamp: 1775596158
  timesteps_since_restore: 0
  timesteps_total: 61268
  training_iteration: 5
  trial_id: 9e12e_00000
  
== Status ==
Memory usage on this node: 39.7/376.1 GiB
Using FIFO scheduling algorithm.
Resources requested: 15.0/24 CPUs, 1.0/1 GPUs, 0.0/234.67 GiB heap, 0.0/104.57 GiB objects (0.0/1.0 accelerator_type:V100)
Result logdir: /storage/ice1/4/7/acheng324/soccer-twos-starter/ray_results/PPO_curriculum
Number of trials: 1/1 (1 RUNNING)
+------------------------+----------+-----------------+--------+------------------+-------+----------+----------------------+----------------------+--------------------+
| Trial name             | status   | loc             |   iter |   total time (s) |    ts |   reward |   episode_reward_max |   episode_reward_min |   episode_len_mean |
|------------------------+----------+-----------------+--------+------------------+-------+----------+----------------------+----------------------+--------------------|
| PPO_Soccer_9e12e_00000 | RUNNING  | 0.0.0.0:4008864 |      5 |          149.202 | 61268 |  1.21238 |              2.52134 |            -0.618509 |            785.487 |
+------------------------+----------+-----------------+--------+------------------+-------+----------+----------------------+----------------------+--------------------+


Result for PPO_Soccer_9e12e_00000:
  agent_timesteps_total: 74696
  custom_metrics: {}
  date: 2026-04-07_17-09-45
  done: false
  episode_len_mean: 794.6382978723404
  episode_media: {}
  episode_reward_max: 2.5213401603139944
  episode_reward_mean: 1.2835073470430323
  episode_reward_min: -0.6185088619217292
  episodes_this_iter: 16
  episodes_total: 94
  experiment_id: 67c28e94430a4f5b908084dd293080ee
  hostname: atl1-1-02-011-31-0.pace.gatech.edu
  info:
    learner:
      default_policy:
        learner_stats:
          allreduce_latency: 0.0
          cur_kl_coeff: 0.4500000000000001
          cur_lr: 5.000000000000001e-05
          entropy: 3.240492782138643
          entropy_coeff: 0.0
          kl: 0.01973150737938427
          policy_loss: -0.0693260553603371
          total_loss: -0.039664102984326224
          vf_explained_var: 0.3467039167881012
          vf_loss: 0.02078277457150675
    num_agent_steps_sampled: 74696
    num_steps_sampled: 74696
    num_steps_trained: 74696
  iterations_since_restore: 6
  node_ip: 0.0.0.0
  num_healthy_workers: 14
  off_policy_estimator: {}
  perf:
    cpu_util_percent: 50.752631578947366
    ram_util_percent: 10.642105263157896
  pid: 4008864
  policy_reward_max: {}
  policy_reward_mean: {}
  policy_reward_min: {}
  sampler_perf:
    mean_action_processing_ms: 0.10914083057165172
    mean_env_render_ms: 0.0
    mean_env_wait_ms: 19.77326103713341
    mean_inference_ms: 1.9614940797531402
    mean_raw_obs_processing_ms: 0.2502587704739452
  time_since_restore: 176.4921452999115
  time_this_iter_s: 27.28996253013611
  time_total_s: 176.4921452999115
  timers:
    learn_throughput: 734.637
    learn_time_ms: 16946.23
    sample_throughput: 1006.048
    sample_time_ms: 12374.492
    update_time_ms: 3.758
  timestamp: 1775596185
  timesteps_since_restore: 0
  timesteps_total: 74696
  training_iteration: 6
  trial_id: 9e12e_00000
  
== Status ==
Memory usage on this node: 40.6/376.1 GiB
Using FIFO scheduling algorithm.
Resources requested: 15.0/24 CPUs, 1.0/1 GPUs, 0.0/234.67 GiB heap, 0.0/104.57 GiB objects (0.0/1.0 accelerator_type:V100)
Result logdir: /storage/ice1/4/7/acheng324/soccer-twos-starter/ray_results/PPO_curriculum
Number of trials: 1/1 (1 RUNNING)
+------------------------+----------+-----------------+--------+------------------+-------+----------+----------------------+----------------------+--------------------+
| Trial name             | status   | loc             |   iter |   total time (s) |    ts |   reward |   episode_reward_max |   episode_reward_min |   episode_len_mean |
|------------------------+----------+-----------------+--------+------------------+-------+----------+----------------------+----------------------+--------------------|
| PPO_Soccer_9e12e_00000 | RUNNING  | 0.0.0.0:4008864 |      6 |          176.492 | 74696 |  1.28351 |              2.52134 |            -0.618509 |            794.638 |
+------------------------+----------+-----------------+--------+------------------+-------+----------+----------------------+----------------------+--------------------+


Result for PPO_Soccer_9e12e_00000:
  agent_timesteps_total: 85085
  custom_metrics: {}
  date: 2026-04-07_17-10-16
  done: false
  episode_len_mean: 771.27
  episode_media: {}
  episode_reward_max: 2.7933176814171006
  episode_reward_mean: 1.4108606891888456
  episode_reward_min: -0.6185088619217292
  episodes_this_iter: 16
  episodes_total: 110
  experiment_id: 67c28e94430a4f5b908084dd293080ee
  hostname: atl1-1-02-011-31-0.pace.gatech.edu
  info:
    learner:
      default_policy:
        learner_stats:
          allreduce_latency: 0.0
          cur_kl_coeff: 0.4500000000000002
          cur_lr: 5.0e-05
          entropy: 3.220515562266838
          entropy_coeff: 0.0
          kl: 0.017476321425198053
          policy_loss: -0.08058099197678087
          total_loss: -0.03890420373801778
          vf_explained_var: 0.42530232667922974
          vf_loss: 0.033812443226030685
    num_agent_steps_sampled: 85085
    num_steps_sampled: 85085
    num_steps_trained: 85085
  iterations_since_restore: 7
  node_ip: 0.0.0.0
  num_healthy_workers: 14
  off_policy_estimator: {}
  perf:
    cpu_util_percent: 54.32888888888889
    ram_util_percent: 10.79555555555556
  pid: 4008864
  policy_reward_max: {}
  policy_reward_mean: {}
  policy_reward_min: {}
  sampler_perf:
    mean_action_processing_ms: 0.107518313208215
    mean_env_render_ms: 0.0
    mean_env_wait_ms: 19.509811935973925
    mean_inference_ms: 1.895905300354803
    mean_raw_obs_processing_ms: 0.24936613560552495
  time_since_restore: 207.85371446609497
  time_this_iter_s: 31.36156916618347
  time_total_s: 207.85371446609497
  timers:
    learn_throughput: 736.756
    learn_time_ms: 16498.003
    sample_throughput: 928.057
    sample_time_ms: 13097.254
    update_time_ms: 3.765
  timestamp: 1775596216
  timesteps_since_restore: 0
  timesteps_total: 85085
  training_iteration: 7
  trial_id: 9e12e_00000
  
== Status ==
Memory usage on this node: 39.7/376.1 GiB
Using FIFO scheduling algorithm.
Resources requested: 15.0/24 CPUs, 1.0/1 GPUs, 0.0/234.67 GiB heap, 0.0/104.57 GiB objects (0.0/1.0 accelerator_type:V100)
Result logdir: /storage/ice1/4/7/acheng324/soccer-twos-starter/ray_results/PPO_curriculum
Number of trials: 1/1 (1 RUNNING)
+------------------------+----------+-----------------+--------+------------------+-------+----------+----------------------+----------------------+--------------------+
| Trial name             | status   | loc             |   iter |   total time (s) |    ts |   reward |   episode_reward_max |   episode_reward_min |   episode_len_mean |
|------------------------+----------+-----------------+--------+------------------+-------+----------+----------------------+----------------------+--------------------|
| PPO_Soccer_9e12e_00000 | RUNNING  | 0.0.0.0:4008864 |      7 |          207.854 | 85085 |  1.41086 |              2.79332 |            -0.618509 |             771.27 |
+------------------------+----------+-----------------+--------+------------------+-------+----------+----------------------+----------------------+--------------------+


Result for PPO_Soccer_9e12e_00000:
  agent_timesteps_total: 96900
  custom_metrics: {}
  date: 2026-04-07_17-10-42
  done: false
  episode_len_mean: 722.73
  episode_media: {}
  episode_reward_max: 2.7933176814171006
  episode_reward_mean: 1.5729703670501098
  episode_reward_min: -0.6185088619217292
  episodes_this_iter: 18
  episodes_total: 128
  experiment_id: 67c28e94430a4f5b908084dd293080ee
  hostname: atl1-1-02-011-31-0.pace.gatech.edu
  info:
    learner:
      default_policy:
        learner_stats:
          allreduce_latency: 0.0
          cur_kl_coeff: 0.45000000000000023
          cur_lr: 4.9999999999999996e-05
          entropy: 3.213573694229126
          entropy_coeff: 0.0
          kl: 0.0197439015472448
          policy_loss: -0.0824343904712668
          total_loss: -0.03845148602680814
          vf_explained_var: 0.39343345165252686
          vf_loss: 0.035098149751623474
    num_agent_steps_sampled: 96900
    num_steps_sampled: 96900
    num_steps_trained: 96900
  iterations_since_restore: 8
  node_ip: 0.0.0.0
  num_healthy_workers: 14
  off_policy_estimator: {}
  perf:
    cpu_util_percent: 52.88611111111111
    ram_util_percent: 10.802777777777777
  pid: 4008864
  policy_reward_max: {}
  policy_reward_mean: {}
  policy_reward_min: {}
  sampler_perf:
    mean_action_processing_ms: 0.10579571671684705
    mean_env_render_ms: 0.0
    mean_env_wait_ms: 19.285122636458244
    mean_inference_ms: 1.8336233644516025
    mean_raw_obs_processing_ms: 0.24988738795456467
  time_since_restore: 233.57130670547485
  time_this_iter_s: 25.717592239379883
  time_total_s: 233.57130670547485
  timers:
    learn_throughput: 746.476
    learn_time_ms: 16226.231
    sample_throughput: 941.032
    sample_time_ms: 12871.501
    update_time_ms: 3.761
  timestamp: 1775596242
  timesteps_since_restore: 0
  timesteps_total: 96900
  training_iteration: 8
  trial_id: 9e12e_00000
  
[2m[36m(pid=4008864, ip=172.27.147.8)[0m ---- Updating tasks!!! ----
[2m[36m(pid=4008864, ip=172.27.147.8)[0m Current task: 1 - Easy Goal
== Status ==
Memory usage on this node: 43.9/376.1 GiB
Using FIFO scheduling algorithm.
Resources requested: 15.0/24 CPUs, 1.0/1 GPUs, 0.0/234.67 GiB heap, 0.0/104.57 GiB objects (0.0/1.0 accelerator_type:V100)
Result logdir: /storage/ice1/4/7/acheng324/soccer-twos-starter/ray_results/PPO_curriculum
Number of trials: 1/1 (1 RUNNING)
+------------------------+----------+-----------------+--------+------------------+-------+----------+----------------------+----------------------+--------------------+
| Trial name             | status   | loc             |   iter |   total time (s) |    ts |   reward |   episode_reward_max |   episode_reward_min |   episode_len_mean |
|------------------------+----------+-----------------+--------+------------------+-------+----------+----------------------+----------------------+--------------------|
| PPO_Soccer_9e12e_00000 | RUNNING  | 0.0.0.0:4008864 |      8 |          233.571 | 96900 |  1.57297 |              2.79332 |            -0.618509 |             722.73 |
+------------------------+----------+-----------------+--------+------------------+-------+----------+----------------------+----------------------+--------------------+


Result for PPO_Soccer_9e12e_00000:
  agent_timesteps_total: 106636
  custom_metrics: {}
  date: 2026-04-07_17-11-04
  done: false
  episode_len_mean: 670.85
  episode_media: {}
  episode_reward_max: 2.7933176814171006
  episode_reward_mean: 1.6756914797251894
  episode_reward_min: -0.6185088619217292
  episodes_this_iter: 16
  episodes_total: 144
  experiment_id: 67c28e94430a4f5b908084dd293080ee
  hostname: atl1-1-02-011-31-0.pace.gatech.edu
  info:
    learner:
      default_policy:
        learner_stats:
          allreduce_latency: 0.0
          cur_kl_coeff: 0.45000000000000023
          cur_lr: 5.0000000000000016e-05
          entropy: 3.2014192296313
          entropy_coeff: 0.0
          kl: 0.019642712475804538
          policy_loss: -0.07911514253778891
          total_loss: -0.026382714159206136
          vf_explained_var: 0.4185434877872467
          vf_loss: 0.04389320785639348
    num_agent_steps_sampled: 106636
    num_steps_sampled: 106636
    num_steps_trained: 106636
  iterations_since_restore: 9
  node_ip: 0.0.0.0
  num_healthy_workers: 14
  off_policy_estimator: {}
  perf:
    cpu_util_percent: 53.6875
    ram_util_percent: 10.66875
  pid: 4008864
  policy_reward_max: {}
  policy_reward_mean: {}
  policy_reward_min: {}
  sampler_perf:
    mean_action_processing_ms: 0.10487088759586888
    mean_env_render_ms: 0.0
    mean_env_wait_ms: 19.174602157992414
    mean_inference_ms: 1.7919889140283556
    mean_raw_obs_processing_ms: 0.25085167972624745
  time_since_restore: 255.81842470169067
  time_this_iter_s: 22.24711799621582
  time_total_s: 255.81842470169067
  timers:
    learn_throughput: 752.029
    learn_time_ms: 15755.303
    sample_throughput: 942.864
    sample_time_ms: 12566.441
    update_time_ms: 3.751
  timestamp: 1775596264
  timesteps_since_restore: 0
  timesteps_total: 106636
  training_iteration: 9
  trial_id: 9e12e_00000
  
[2m[36m(pid=4008864, ip=172.27.147.8)[0m ---- Updating tasks!!! ----
[2m[36m(pid=4008864, ip=172.27.147.8)[0m Current task: 2 - Medium Goal
== Status ==
Memory usage on this node: 40.3/376.1 GiB
Using FIFO scheduling algorithm.
Resources requested: 15.0/24 CPUs, 1.0/1 GPUs, 0.0/234.67 GiB heap, 0.0/104.57 GiB objects (0.0/1.0 accelerator_type:V100)
Result logdir: /storage/ice1/4/7/acheng324/soccer-twos-starter/ray_results/PPO_curriculum
Number of trials: 1/1 (1 RUNNING)
+------------------------+----------+-----------------+--------+------------------+--------+----------+----------------------+----------------------+--------------------+
| Trial name             | status   | loc             |   iter |   total time (s) |     ts |   reward |   episode_reward_max |   episode_reward_min |   episode_len_mean |
|------------------------+----------+-----------------+--------+------------------+--------+----------+----------------------+----------------------+--------------------|
| PPO_Soccer_9e12e_00000 | RUNNING  | 0.0.0.0:4008864 |      9 |          255.818 | 106636 |  1.67569 |              2.79332 |            -0.618509 |             670.85 |
+------------------------+----------+-----------------+--------+------------------+--------+----------+----------------------+----------------------+--------------------+


Result for PPO_Soccer_9e12e_00000:
  agent_timesteps_total: 117029
  custom_metrics: {}
  date: 2026-04-07_17-11-25
  done: false
  episode_len_mean: 661.96
  episode_media: {}
  episode_reward_max: 2.7933176814171006
  episode_reward_mean: 1.8338555874805287
  episode_reward_min: 0.5067405925597994
  episodes_this_iter: 19
  episodes_total: 163
  experiment_id: 67c28e94430a4f5b908084dd293080ee
  hostname: atl1-1-02-011-31-0.pace.gatech.edu
  info:
    learner:
      default_policy:
        learner_stats:
          allreduce_latency: 0.0
          cur_kl_coeff: 0.4500000000000002
          cur_lr: 5.0e-05
          entropy: 3.1804963641050383
          entropy_coeff: 0.0
          kl: 0.021524764120397045
          policy_loss: -0.0845707549100242
          total_loss: -0.022150265086987395
          vf_explained_var: 0.39573419094085693
          vf_loss: 0.05273434433450059
    num_agent_steps_sampled: 117029
    num_steps_sampled: 117029
    num_steps_trained: 117029
  iterations_since_restore: 10
  node_ip: 0.0.0.0
  num_healthy_workers: 14
  off_policy_estimator: {}
  perf:
    cpu_util_percent: 50.22666666666667
    ram_util_percent: 10.733333333333333
  pid: 4008864
  policy_reward_max: {}
  policy_reward_mean: {}
  policy_reward_min: {}
  sampler_perf:
    mean_action_processing_ms: 0.1033625772244924
    mean_env_render_ms: 0.0
    mean_env_wait_ms: 18.970545866945898
    mean_inference_ms: 1.7470912928727163
    mean_raw_obs_processing_ms: 0.2490845379977349
  time_since_restore: 276.656617641449
  time_this_iter_s: 20.8381929397583
  time_total_s: 276.656617641449
  timers:
    learn_throughput: 754.647
    learn_time_ms: 15507.773
    sample_throughput: 970.812
    sample_time_ms: 12054.751
    update_time_ms: 3.747
  timestamp: 1775596285
  timesteps_since_restore: 0
  timesteps_total: 117029
  training_iteration: 10
  trial_id: 9e12e_00000
  
== Status ==
Memory usage on this node: 40.9/376.1 GiB
Using FIFO scheduling algorithm.
Resources requested: 15.0/24 CPUs, 1.0/1 GPUs, 0.0/234.67 GiB heap, 0.0/104.57 GiB objects (0.0/1.0 accelerator_type:V100)
Result logdir: /storage/ice1/4/7/acheng324/soccer-twos-starter/ray_results/PPO_curriculum
Number of trials: 1/1 (1 RUNNING)
+------------------------+----------+-----------------+--------+------------------+--------+----------+----------------------+----------------------+--------------------+
| Trial name             | status   | loc             |   iter |   total time (s) |     ts |   reward |   episode_reward_max |   episode_reward_min |   episode_len_mean |
|------------------------+----------+-----------------+--------+------------------+--------+----------+----------------------+----------------------+--------------------|
| PPO_Soccer_9e12e_00000 | RUNNING  | 0.0.0.0:4008864 |     10 |          276.657 | 117029 |  1.83386 |              2.79332 |             0.506741 |             661.96 |
+------------------------+----------+-----------------+--------+------------------+--------+----------+----------------------+----------------------+--------------------+


[2m[36m(pid=4008864, ip=172.27.147.8)[0m ---- Updating tasks!!! ----
[2m[36m(pid=4008864, ip=172.27.147.8)[0m Current task: 3 - Hard Goal
Result for PPO_Soccer_9e12e_00000:
  agent_timesteps_total: 126334
  custom_metrics: {}
  date: 2026-04-07_17-11-50
  done: false
  episode_len_mean: 623.85
  episode_media: {}
  episode_reward_max: 2.7933176814171006
  episode_reward_mean: 1.8995283620036005
  episode_reward_min: 0.5067405925597994
  episodes_this_iter: 19
  episodes_total: 182
  experiment_id: 67c28e94430a4f5b908084dd293080ee
  hostname: atl1-1-02-011-31-0.pace.gatech.edu
  info:
    learner:
      default_policy:
        learner_stats:
          allreduce_latency: 0.0
          cur_kl_coeff: 0.6749999999999999
          cur_lr: 5.000000000000001e-05
          entropy: 3.1709937036853946
          entropy_coeff: 0.0
          kl: 0.019447022895902805
          policy_loss: -0.08746095560491085
          total_loss: -0.010284439239599933
          vf_explained_var: 0.32024073600769043
          vf_loss: 0.06404977480638517
    num_agent_steps_sampled: 126334
    num_steps_sampled: 126334
    num_steps_trained: 126334
  iterations_since_restore: 11
  node_ip: 0.0.0.0
  num_healthy_workers: 14
  off_policy_estimator: {}
  perf:
    cpu_util_percent: 49.238888888888894
    ram_util_percent: 10.625
  pid: 4008864
  policy_reward_max: {}
  policy_reward_mean: {}
  policy_reward_min: {}
  sampler_perf:
    mean_action_processing_ms: 0.10221863425818337
    mean_env_render_ms: 0.0
    mean_env_wait_ms: 18.81367672169805
    mean_inference_ms: 1.7134494669630047
    mean_raw_obs_processing_ms: 0.2481732260396787
  time_since_restore: 301.86841320991516
  time_this_iter_s: 25.211795568466187
  time_total_s: 301.86841320991516
  timers:
    learn_throughput: 758.166
    learn_time_ms: 15189.557
    sample_throughput: 1035.284
    sample_time_ms: 11123.714
    update_time_ms: 3.709
  timestamp: 1775596310
  timesteps_since_restore: 0
  timesteps_total: 126334
  training_iteration: 11
  trial_id: 9e12e_00000
  
[2m[36m(pid=4008864, ip=172.27.147.8)[0m ---- Updating tasks!!! ----
[2m[36m(pid=4008864, ip=172.27.147.8)[0m Current task: 4 - Random Players
== Status ==
Memory usage on this node: 35.9/376.1 GiB
Using FIFO scheduling algorithm.
Resources requested: 15.0/24 CPUs, 1.0/1 GPUs, 0.0/234.67 GiB heap, 0.0/104.57 GiB objects (0.0/1.0 accelerator_type:V100)
Result logdir: /storage/ice1/4/7/acheng324/soccer-twos-starter/ray_results/PPO_curriculum
Number of trials: 1/1 (1 RUNNING)
+------------------------+----------+-----------------+--------+------------------+--------+----------+----------------------+----------------------+--------------------+
| Trial name             | status   | loc             |   iter |   total time (s) |     ts |   reward |   episode_reward_max |   episode_reward_min |   episode_len_mean |
|------------------------+----------+-----------------+--------+------------------+--------+----------+----------------------+----------------------+--------------------|
| PPO_Soccer_9e12e_00000 | RUNNING  | 0.0.0.0:4008864 |     11 |          301.868 | 126334 |  1.89953 |              2.79332 |             0.506741 |             623.85 |
+------------------------+----------+-----------------+--------+------------------+--------+----------+----------------------+----------------------+--------------------+


Result for PPO_Soccer_9e12e_00000:
  agent_timesteps_total: 136684
  custom_metrics: {}
  date: 2026-04-07_17-12-16
  done: true
  episode_len_mean: 551.43
  episode_media: {}
  episode_reward_max: 2.7630006976029824
  episode_reward_mean: 1.9658316435594267
  episode_reward_min: 0.736063825945602
  episodes_this_iter: 23
  episodes_total: 205
  experiment_id: 67c28e94430a4f5b908084dd293080ee
  hostname: atl1-1-02-011-31-0.pace.gatech.edu
  info:
    learner:
      default_policy:
        learner_stats:
          allreduce_latency: 0.0
          cur_kl_coeff: 0.6749999999999998
          cur_lr: 5.000000000000001e-05
          entropy: 3.162967932077102
          entropy_coeff: 0.0
          kl: 0.017635199655261304
          policy_loss: -0.08869789340705783
          total_loss: 0.00220087383310368
          vf_explained_var: 0.35857757925987244
          vf_loss: 0.07899500475621518
    num_agent_steps_sampled: 136684
    num_steps_sampled: 136684
    num_steps_trained: 136684
  iterations_since_restore: 12
  node_ip: 0.0.0.0
  num_healthy_workers: 14
  off_policy_estimator: {}
  perf:
    cpu_util_percent: 54.233333333333334
    ram_util_percent: 9.61111111111111
  pid: 4008864
  policy_reward_max: {}
  policy_reward_mean: {}
  policy_reward_min: {}
  sampler_perf:
    mean_action_processing_ms: 0.10154261235528196
    mean_env_render_ms: 0.0
    mean_env_wait_ms: 18.685654419996666
    mean_inference_ms: 1.6853111836973378
    mean_raw_obs_processing_ms: 0.24796063715363473
  time_since_restore: 327.723984003067
  time_this_iter_s: 25.855570793151855
  time_total_s: 327.723984003067
  timers:
    learn_throughput: 757.091
    learn_time_ms: 14800.998
    sample_throughput: 972.536
    sample_time_ms: 11522.142
    update_time_ms: 3.653
  timestamp: 1775596336
  timesteps_since_restore: 0
  timesteps_total: 136684
  training_iteration: 12
  trial_id: 9e12e_00000
  
== Status ==
Memory usage on this node: 37.5/376.1 GiB
Using FIFO scheduling algorithm.
Resources requested: 15.0/24 CPUs, 1.0/1 GPUs, 0.0/234.67 GiB heap, 0.0/104.57 GiB objects (0.0/1.0 accelerator_type:V100)
Result logdir: /storage/ice1/4/7/acheng324/soccer-twos-starter/ray_results/PPO_curriculum
Number of trials: 1/1 (1 RUNNING)
+------------------------+----------+-----------------+--------+------------------+--------+----------+----------------------+----------------------+--------------------+
| Trial name             | status   | loc             |   iter |   total time (s) |     ts |   reward |   episode_reward_max |   episode_reward_min |   episode_len_mean |
|------------------------+----------+-----------------+--------+------------------+--------+----------+----------------------+----------------------+--------------------|
| PPO_Soccer_9e12e_00000 | RUNNING  | 0.0.0.0:4008864 |     12 |          327.724 | 136684 |  1.96583 |                2.763 |             0.736064 |             551.43 |
+------------------------+----------+-----------------+--------+------------------+--------+----------+----------------------+----------------------+--------------------+


== Status ==
Memory usage on this node: 37.5/376.1 GiB
Using FIFO scheduling algorithm.
Resources requested: 0/24 CPUs, 0/1 GPUs, 0.0/234.67 GiB heap, 0.0/104.57 GiB objects (0.0/1.0 accelerator_type:V100)
Result logdir: /storage/ice1/4/7/acheng324/soccer-twos-starter/ray_results/PPO_curriculum
Number of trials: 1/1 (1 TERMINATED)
+------------------------+------------+-------+--------+------------------+--------+----------+----------------------+----------------------+--------------------+
| Trial name             | status     | loc   |   iter |   total time (s) |     ts |   reward |   episode_reward_max |   episode_reward_min |   episode_len_mean |
|------------------------+------------+-------+--------+------------------+--------+----------+----------------------+----------------------+--------------------|
| PPO_Soccer_9e12e_00000 | TERMINATED |       |     12 |          327.724 | 136684 |  1.96583 |                2.763 |             0.736064 |             551.43 |
+------------------------+------------+-------+--------+------------------+--------+----------+----------------------+----------------------+--------------------+


PPO_Soccer_9e12e_00000
/storage/ice1/4/7/acheng324/soccer-twos-starter/ray_results/PPO_curriculum/PPO_Soccer_9e12e_00000_0_2026-04-07_17-06-17/checkpoint_000012/checkpoint-12
Done training
=== Job finished at Tue Apr  7 17:12:20 EDT 2026 ===
---------------------------------------
Begin Slurm Epilog: Apr-07-2026 17:12:21
Job ID:        4622596
User ID:       acheng324
Account:       coc
Job name:      soccertwos
Resources:     cpu=16,gres/gpu:v100=1,mem=48G,node=1
Rsrc Used:     cput=02:01:04,vmem=0,walltime=00:07:34,mem=11407536K,energy_used=0
Partition:     ice-gpu
QOS:           coc-ice
Nodes:         atl1-1-02-011-31-0
---------------------------------------
