---------------------------------------
Begin Slurm Prolog: Apr-07-2026 05:02:21
Job ID:    4619521
User ID:   acheng324
Account:   coc
Job name:  soccertwos
Partition: ice-gpu
QOS:       coc-ice
---------------------------------------
=== Job Info ===
Node:    atl1-1-01-002-8-0.pace.gatech.edu
Time:    Tue Apr  7 05:02:33 EDT 2026
Python:  /home/hice1/acheng324/scratch/conda_envs/soccertwos/bin/python
GPUs:    0
================
[INFO] Connected to Unity environment with package version 2.1.0-exp.1 and communication version 1.5.0
[INFO] Connected new brain: SoccerTwos?team=1
[INFO] Connected new brain: SoccerTwos?team=0
== Status ==
Memory usage on this node: 22.8/187.0 GiB
Using FIFO scheduling algorithm.
Resources requested: 0/40 CPUs, 0/1 GPUs, 0.0/109.09 GiB heap, 0.0/50.74 GiB objects (0.0/1.0 accelerator_type:V100)
Result logdir: /storage/ice1/4/7/acheng324/soccer-twos-starter/ray_results/PPO_curriculum
Number of trials: 1/1 (1 PENDING)
+------------------------+----------+-------+
| Trial name             | status   | loc   |
|------------------------+----------+-------|
| PPO_Soccer_ba12a_00000 | PENDING  |       |
+------------------------+----------+-------+


[2m[36m(pid=2146750, ip=172.27.144.17)[0m [INFO] Connected to Unity environment with package version 2.1.0-exp.1 and communication version 1.5.0
[2m[36m(pid=2146765, ip=172.27.144.17)[0m [INFO] Connected to Unity environment with package version 2.1.0-exp.1 and communication version 1.5.0
[2m[36m(pid=2146741, ip=172.27.144.17)[0m [INFO] Connected to Unity environment with package version 2.1.0-exp.1 and communication version 1.5.0
[2m[36m(pid=2146750, ip=172.27.144.17)[0m [INFO] Connected new brain: SoccerTwos?team=1
[2m[36m(pid=2146750, ip=172.27.144.17)[0m [INFO] Connected new brain: SoccerTwos?team=0
[2m[36m(pid=2146765, ip=172.27.144.17)[0m [INFO] Connected new brain: SoccerTwos?team=1
[2m[36m(pid=2146765, ip=172.27.144.17)[0m [INFO] Connected new brain: SoccerTwos?team=0
[2m[36m(pid=2146741, ip=172.27.144.17)[0m [INFO] Connected new brain: SoccerTwos?team=1
[2m[36m(pid=2146741, ip=172.27.144.17)[0m [INFO] Connected new brain: SoccerTwos?team=0
[2m[36m(pid=2146740, ip=172.27.144.17)[0m [INFO] Connected to Unity environment with package version 2.1.0-exp.1 and communication version 1.5.0
[2m[36m(pid=2146745, ip=172.27.144.17)[0m [INFO] Connected to Unity environment with package version 2.1.0-exp.1 and communication version 1.5.0
[2m[36m(pid=2146753, ip=172.27.144.17)[0m [INFO] Connected to Unity environment with package version 2.1.0-exp.1 and communication version 1.5.0
[2m[36m(pid=2146761, ip=172.27.144.17)[0m [INFO] Connected to Unity environment with package version 2.1.0-exp.1 and communication version 1.5.0
[2m[36m(pid=2146757, ip=172.27.144.17)[0m [INFO] Connected to Unity environment with package version 2.1.0-exp.1 and communication version 1.5.0
[2m[36m(pid=2146768, ip=172.27.144.17)[0m [INFO] Connected to Unity environment with package version 2.1.0-exp.1 and communication version 1.5.0
[2m[36m(pid=2146744, ip=172.27.144.17)[0m [INFO] Connected to Unity environment with package version 2.1.0-exp.1 and communication version 1.5.0
[2m[36m(pid=2146779, ip=172.27.144.17)[0m [INFO] Connected to Unity environment with package version 2.1.0-exp.1 and communication version 1.5.0
[2m[36m(pid=2146755, ip=172.27.144.17)[0m [INFO] Connected to Unity environment with package version 2.1.0-exp.1 and communication version 1.5.0
[2m[36m(pid=2146748, ip=172.27.144.17)[0m [INFO] Connected to Unity environment with package version 2.1.0-exp.1 and communication version 1.5.0
[2m[36m(pid=2146759, ip=172.27.144.17)[0m [INFO] Connected to Unity environment with package version 2.1.0-exp.1 and communication version 1.5.0
[2m[36m(pid=2146740, ip=172.27.144.17)[0m [INFO] Connected new brain: SoccerTwos?team=1
[2m[36m(pid=2146740, ip=172.27.144.17)[0m [INFO] Connected new brain: SoccerTwos?team=0
[2m[36m(pid=2146745, ip=172.27.144.17)[0m [INFO] Connected new brain: SoccerTwos?team=1
[2m[36m(pid=2146745, ip=172.27.144.17)[0m [INFO] Connected new brain: SoccerTwos?team=0
[2m[36m(pid=2146753, ip=172.27.144.17)[0m [INFO] Connected new brain: SoccerTwos?team=1
[2m[36m(pid=2146753, ip=172.27.144.17)[0m [INFO] Connected new brain: SoccerTwos?team=0
[2m[36m(pid=2146761, ip=172.27.144.17)[0m [INFO] Connected new brain: SoccerTwos?team=1
[2m[36m(pid=2146761, ip=172.27.144.17)[0m [INFO] Connected new brain: SoccerTwos?team=0
[2m[36m(pid=2146757, ip=172.27.144.17)[0m [INFO] Connected new brain: SoccerTwos?team=1
[2m[36m(pid=2146757, ip=172.27.144.17)[0m [INFO] Connected new brain: SoccerTwos?team=0
[2m[36m(pid=2146768, ip=172.27.144.17)[0m [INFO] Connected new brain: SoccerTwos?team=1
[2m[36m(pid=2146768, ip=172.27.144.17)[0m [INFO] Connected new brain: SoccerTwos?team=0
[2m[36m(pid=2146744, ip=172.27.144.17)[0m [INFO] Connected new brain: SoccerTwos?team=1
[2m[36m(pid=2146744, ip=172.27.144.17)[0m [INFO] Connected new brain: SoccerTwos?team=0
[2m[36m(pid=2146779, ip=172.27.144.17)[0m [INFO] Connected new brain: SoccerTwos?team=1
[2m[36m(pid=2146779, ip=172.27.144.17)[0m [INFO] Connected new brain: SoccerTwos?team=0
[2m[36m(pid=2146755, ip=172.27.144.17)[0m [INFO] Connected new brain: SoccerTwos?team=1
[2m[36m(pid=2146755, ip=172.27.144.17)[0m [INFO] Connected new brain: SoccerTwos?team=0
[2m[36m(pid=2146748, ip=172.27.144.17)[0m [INFO] Connected new brain: SoccerTwos?team=1
[2m[36m(pid=2146748, ip=172.27.144.17)[0m [INFO] Connected new brain: SoccerTwos?team=0
[2m[36m(pid=2146759, ip=172.27.144.17)[0m [INFO] Connected new brain: SoccerTwos?team=1
[2m[36m(pid=2146759, ip=172.27.144.17)[0m [INFO] Connected new brain: SoccerTwos?team=0
[2m[36m(pid=2146750, ip=172.27.144.17)[0m [INFO] Connected to Unity environment with package version 2.1.0-exp.1 and communication version 1.5.0
[2m[36m(pid=2146779, ip=172.27.144.17)[0m [INFO] Connected to Unity environment with package version 2.1.0-exp.1 and communication version 1.5.0
[2m[36m(pid=2146740, ip=172.27.144.17)[0m [INFO] Connected to Unity environment with package version 2.1.0-exp.1 and communication version 1.5.0
[2m[36m(pid=2146761, ip=172.27.144.17)[0m [INFO] Connected to Unity environment with package version 2.1.0-exp.1 and communication version 1.5.0
[2m[36m(pid=2146744, ip=172.27.144.17)[0m [INFO] Connected to Unity environment with package version 2.1.0-exp.1 and communication version 1.5.0
[2m[36m(pid=2146750, ip=172.27.144.17)[0m [INFO] Connected new brain: SoccerTwos?team=1
[2m[36m(pid=2146750, ip=172.27.144.17)[0m [INFO] Connected new brain: SoccerTwos?team=0
[2m[36m(pid=2146765, ip=172.27.144.17)[0m [INFO] Connected to Unity environment with package version 2.1.0-exp.1 and communication version 1.5.0
[2m[36m(pid=2146741, ip=172.27.144.17)[0m [INFO] Connected to Unity environment with package version 2.1.0-exp.1 and communication version 1.5.0
[2m[36m(pid=2146745, ip=172.27.144.17)[0m [INFO] Connected to Unity environment with package version 2.1.0-exp.1 and communication version 1.5.0
[2m[36m(pid=2146753, ip=172.27.144.17)[0m [INFO] Connected to Unity environment with package version 2.1.0-exp.1 and communication version 1.5.0
[2m[36m(pid=2146757, ip=172.27.144.17)[0m [INFO] Connected to Unity environment with package version 2.1.0-exp.1 and communication version 1.5.0
[2m[36m(pid=2146779, ip=172.27.144.17)[0m [INFO] Connected new brain: SoccerTwos?team=1
[2m[36m(pid=2146779, ip=172.27.144.17)[0m [INFO] Connected new brain: SoccerTwos?team=0
[2m[36m(pid=2146755, ip=172.27.144.17)[0m [INFO] Connected to Unity environment with package version 2.1.0-exp.1 and communication version 1.5.0
[2m[36m(pid=2146748, ip=172.27.144.17)[0m [INFO] Connected to Unity environment with package version 2.1.0-exp.1 and communication version 1.5.0
[2m[36m(pid=2146759, ip=172.27.144.17)[0m [INFO] Connected to Unity environment with package version 2.1.0-exp.1 and communication version 1.5.0
[2m[36m(pid=2146740, ip=172.27.144.17)[0m [INFO] Connected new brain: SoccerTwos?team=1
[2m[36m(pid=2146740, ip=172.27.144.17)[0m [INFO] Connected new brain: SoccerTwos?team=0
[2m[36m(pid=2146761, ip=172.27.144.17)[0m [INFO] Connected new brain: SoccerTwos?team=1
[2m[36m(pid=2146761, ip=172.27.144.17)[0m [INFO] Connected new brain: SoccerTwos?team=0
[2m[36m(pid=2146744, ip=172.27.144.17)[0m [INFO] Connected new brain: SoccerTwos?team=1
[2m[36m(pid=2146744, ip=172.27.144.17)[0m [INFO] Connected new brain: SoccerTwos?team=0
[2m[36m(pid=2146765, ip=172.27.144.17)[0m [INFO] Connected new brain: SoccerTwos?team=1
[2m[36m(pid=2146765, ip=172.27.144.17)[0m [INFO] Connected new brain: SoccerTwos?team=0
[2m[36m(pid=2146741, ip=172.27.144.17)[0m [INFO] Connected new brain: SoccerTwos?team=1
[2m[36m(pid=2146741, ip=172.27.144.17)[0m [INFO] Connected new brain: SoccerTwos?team=0
[2m[36m(pid=2146745, ip=172.27.144.17)[0m [INFO] Connected new brain: SoccerTwos?team=1
[2m[36m(pid=2146745, ip=172.27.144.17)[0m [INFO] Connected new brain: SoccerTwos?team=0
[2m[36m(pid=2146753, ip=172.27.144.17)[0m [INFO] Connected new brain: SoccerTwos?team=1
[2m[36m(pid=2146753, ip=172.27.144.17)[0m [INFO] Connected new brain: SoccerTwos?team=0
[2m[36m(pid=2146757, ip=172.27.144.17)[0m [INFO] Connected new brain: SoccerTwos?team=1
[2m[36m(pid=2146757, ip=172.27.144.17)[0m [INFO] Connected new brain: SoccerTwos?team=0
[2m[36m(pid=2146755, ip=172.27.144.17)[0m [INFO] Connected new brain: SoccerTwos?team=1
[2m[36m(pid=2146755, ip=172.27.144.17)[0m [INFO] Connected new brain: SoccerTwos?team=0
[2m[36m(pid=2146748, ip=172.27.144.17)[0m [INFO] Connected new brain: SoccerTwos?team=1
[2m[36m(pid=2146748, ip=172.27.144.17)[0m [INFO] Connected new brain: SoccerTwos?team=0
[2m[36m(pid=2146759, ip=172.27.144.17)[0m [INFO] Connected new brain: SoccerTwos?team=1
[2m[36m(pid=2146759, ip=172.27.144.17)[0m [INFO] Connected new brain: SoccerTwos?team=0
[2m[36m(pid=2146779, ip=172.27.144.17)[0m [INFO] Connected to Unity environment with package version 2.1.0-exp.1 and communication version 1.5.0
[2m[36m(pid=2146750, ip=172.27.144.17)[0m [INFO] Connected to Unity environment with package version 2.1.0-exp.1 and communication version 1.5.0
[2m[36m(pid=2146744, ip=172.27.144.17)[0m [INFO] Connected to Unity environment with package version 2.1.0-exp.1 and communication version 1.5.0
[2m[36m(pid=2146750, ip=172.27.144.17)[0m [INFO] Connected new brain: SoccerTwos?team=1
[2m[36m(pid=2146750, ip=172.27.144.17)[0m [INFO] Connected new brain: SoccerTwos?team=0
[2m[36m(pid=2146779, ip=172.27.144.17)[0m [INFO] Connected new brain: SoccerTwos?team=1
[2m[36m(pid=2146779, ip=172.27.144.17)[0m [INFO] Connected new brain: SoccerTwos?team=0
[2m[36m(pid=2146765, ip=172.27.144.17)[0m [INFO] Connected to Unity environment with package version 2.1.0-exp.1 and communication version 1.5.0
[2m[36m(pid=2146744, ip=172.27.144.17)[0m [INFO] Connected new brain: SoccerTwos?team=1
[2m[36m(pid=2146744, ip=172.27.144.17)[0m [INFO] Connected new brain: SoccerTwos?team=0
[2m[36m(pid=2146755, ip=172.27.144.17)[0m [INFO] Connected to Unity environment with package version 2.1.0-exp.1 and communication version 1.5.0
[2m[36m(pid=2146748, ip=172.27.144.17)[0m [INFO] Connected to Unity environment with package version 2.1.0-exp.1 and communication version 1.5.0
[2m[36m(pid=2146759, ip=172.27.144.17)[0m [INFO] Connected to Unity environment with package version 2.1.0-exp.1 and communication version 1.5.0
[2m[36m(pid=2146768, ip=172.27.144.17)[0m [INFO] Connected to Unity environment with package version 2.1.0-exp.1 and communication version 1.5.0
[2m[36m(pid=2146748, ip=172.27.144.17)[0m [INFO] Connected new brain: SoccerTwos?team=1
[2m[36m(pid=2146748, ip=172.27.144.17)[0m [INFO] Connected new brain: SoccerTwos?team=0
[2m[36m(pid=2146765, ip=172.27.144.17)[0m [INFO] Connected new brain: SoccerTwos?team=1
[2m[36m(pid=2146765, ip=172.27.144.17)[0m [INFO] Connected new brain: SoccerTwos?team=0
[2m[36m(pid=2146755, ip=172.27.144.17)[0m [INFO] Connected new brain: SoccerTwos?team=1
[2m[36m(pid=2146755, ip=172.27.144.17)[0m [INFO] Connected new brain: SoccerTwos?team=0
[2m[36m(pid=2146759, ip=172.27.144.17)[0m [INFO] Connected new brain: SoccerTwos?team=1
[2m[36m(pid=2146759, ip=172.27.144.17)[0m [INFO] Connected new brain: SoccerTwos?team=0
[2m[36m(pid=2146768, ip=172.27.144.17)[0m [INFO] Connected new brain: SoccerTwos?team=1
[2m[36m(pid=2146768, ip=172.27.144.17)[0m [INFO] Connected new brain: SoccerTwos?team=0
[2m[36m(pid=2146740, ip=172.27.144.17)[0m [INFO] Connected to Unity environment with package version 2.1.0-exp.1 and communication version 1.5.0
[2m[36m(pid=2146761, ip=172.27.144.17)[0m [INFO] Connected to Unity environment with package version 2.1.0-exp.1 and communication version 1.5.0
[2m[36m(pid=2146740, ip=172.27.144.17)[0m [INFO] Connected new brain: SoccerTwos?team=1
[2m[36m(pid=2146740, ip=172.27.144.17)[0m [INFO] Connected new brain: SoccerTwos?team=0
[2m[36m(pid=2146761, ip=172.27.144.17)[0m [INFO] Connected new brain: SoccerTwos?team=1
[2m[36m(pid=2146761, ip=172.27.144.17)[0m [INFO] Connected new brain: SoccerTwos?team=0
[2m[36m(pid=2146741, ip=172.27.144.17)[0m [INFO] Connected to Unity environment with package version 2.1.0-exp.1 and communication version 1.5.0
[2m[36m(pid=2146745, ip=172.27.144.17)[0m [INFO] Connected to Unity environment with package version 2.1.0-exp.1 and communication version 1.5.0
[2m[36m(pid=2146753, ip=172.27.144.17)[0m [INFO] Connected to Unity environment with package version 2.1.0-exp.1 and communication version 1.5.0
[2m[36m(pid=2146757, ip=172.27.144.17)[0m [INFO] Connected to Unity environment with package version 2.1.0-exp.1 and communication version 1.5.0
[2m[36m(pid=2146741, ip=172.27.144.17)[0m [INFO] Connected new brain: SoccerTwos?team=1
[2m[36m(pid=2146741, ip=172.27.144.17)[0m [INFO] Connected new brain: SoccerTwos?team=0
[2m[36m(pid=2146745, ip=172.27.144.17)[0m [INFO] Connected new brain: SoccerTwos?team=1
[2m[36m(pid=2146745, ip=172.27.144.17)[0m [INFO] Connected new brain: SoccerTwos?team=0
[2m[36m(pid=2146753, ip=172.27.144.17)[0m [INFO] Connected new brain: SoccerTwos?team=1
[2m[36m(pid=2146753, ip=172.27.144.17)[0m [INFO] Connected new brain: SoccerTwos?team=0
[2m[36m(pid=2146757, ip=172.27.144.17)[0m [INFO] Connected new brain: SoccerTwos?team=1
[2m[36m(pid=2146757, ip=172.27.144.17)[0m [INFO] Connected new brain: SoccerTwos?team=0
[2m[36m(pid=2146768, ip=172.27.144.17)[0m [INFO] Connected to Unity environment with package version 2.1.0-exp.1 and communication version 1.5.0
[2m[36m(pid=2146768, ip=172.27.144.17)[0m [INFO] Connected new brain: SoccerTwos?team=1
[2m[36m(pid=2146768, ip=172.27.144.17)[0m [INFO] Connected new brain: SoccerTwos?team=0
Result for PPO_Soccer_ba12a_00000:
  agent_timesteps_total: 10841
  custom_metrics: {}
  date: 2026-04-07_05-05-07
  done: false
  episode_len_mean: 677.5625
  episode_media: {}
  episode_reward_max: 2.1957357062725347
  episode_reward_mean: 1.2391856622860358
  episode_reward_min: 0.02886733025312424
  episodes_this_iter: 16
  episodes_total: 16
  experiment_id: 20a756f8f4e3401ca0869ecf024d7816
  hostname: atl1-1-01-002-8-0.pace.gatech.edu
  info:
    learner:
      default_policy:
        learner_stats:
          allreduce_latency: 0.0
          cur_kl_coeff: 0.19999999999999996
          cur_lr: 4.9999999999999996e-05
          entropy: 3.2806688392863554
          entropy_coeff: 0.0
          kl: 0.015185819653903736
          policy_loss: -0.05346332075183882
          total_loss: -0.025754725976901895
          vf_explained_var: 0.590397834777832
          vf_loss: 0.024671429242281353
    num_agent_steps_sampled: 10841
    num_steps_sampled: 10841
    num_steps_trained: 10841
  iterations_since_restore: 1
  node_ip: 0.0.0.0
  num_healthy_workers: 14
  off_policy_estimator: {}
  perf:
    cpu_util_percent: 27.262745098039215
    ram_util_percent: 16.52549019607843
  pid: 2146743
  policy_reward_max: {}
  policy_reward_mean: {}
  policy_reward_min: {}
  sampler_perf:
    mean_action_processing_ms: 0.10540032172911425
    mean_env_render_ms: 0.0
    mean_env_wait_ms: 19.554764978531747
    mean_inference_ms: 1.859145000824833
    mean_raw_obs_processing_ms: 0.22054402248946547
  time_since_restore: 35.380537033081055
  time_this_iter_s: 35.380537033081055
  time_total_s: 35.380537033081055
  timers:
    learn_throughput: 740.602
    learn_time_ms: 14638.091
    sample_throughput: 522.856
    sample_time_ms: 20734.185
    update_time_ms: 3.524
  timestamp: 1775552707
  timesteps_since_restore: 0
  timesteps_total: 10841
  training_iteration: 1
  trial_id: ba12a_00000
  
== Status ==
Memory usage on this node: 31.1/187.0 GiB
Using FIFO scheduling algorithm.
Resources requested: 15.0/40 CPUs, 1.0/1 GPUs, 0.0/109.09 GiB heap, 0.0/50.74 GiB objects (0.0/1.0 accelerator_type:V100)
Result logdir: /storage/ice1/4/7/acheng324/soccer-twos-starter/ray_results/PPO_curriculum
Number of trials: 1/1 (1 RUNNING)
+------------------------+----------+-----------------+--------+------------------+-------+----------+----------------------+----------------------+--------------------+
| Trial name             | status   | loc             |   iter |   total time (s) |    ts |   reward |   episode_reward_max |   episode_reward_min |   episode_len_mean |
|------------------------+----------+-----------------+--------+------------------+-------+----------+----------------------+----------------------+--------------------|
| PPO_Soccer_ba12a_00000 | RUNNING  | 0.0.0.0:2146743 |      1 |          35.3805 | 10841 |  1.23919 |              2.19574 |            0.0288673 |            677.562 |
+------------------------+----------+-----------------+--------+------------------+-------+----------+----------------------+----------------------+--------------------+


Result for PPO_Soccer_ba12a_00000:
  agent_timesteps_total: 24159
  custom_metrics: {}
  date: 2026-04-07_05-05-33
  done: false
  episode_len_mean: 805.3
  episode_media: {}
  episode_reward_max: 2.1957357062725347
  episode_reward_mean: 0.9898840973276333
  episode_reward_min: -0.46852660663891643
  episodes_this_iter: 14
  episodes_total: 30
  experiment_id: 20a756f8f4e3401ca0869ecf024d7816
  hostname: atl1-1-01-002-8-0.pace.gatech.edu
  info:
    learner:
      default_policy:
        learner_stats:
          allreduce_latency: 0.0
          cur_kl_coeff: 0.2
          cur_lr: 5.000000000000001e-05
          entropy: 3.279312665121896
          entropy_coeff: 0.0
          kl: 0.016127365836430162
          policy_loss: -0.050330007182700295
          total_loss: -0.03149498206164156
          vf_explained_var: 0.41383931040763855
          vf_loss: 0.015609553451871589
    num_agent_steps_sampled: 24159
    num_steps_sampled: 24159
    num_steps_trained: 24159
  iterations_since_restore: 2
  node_ip: 0.0.0.0
  num_healthy_workers: 14
  off_policy_estimator: {}
  perf:
    cpu_util_percent: 14.618918918918922
    ram_util_percent: 16.762162162162156
  pid: 2146743
  policy_reward_max: {}
  policy_reward_mean: {}
  policy_reward_min: {}
  sampler_perf:
    mean_action_processing_ms: 0.10194864835644464
    mean_env_render_ms: 0.0
    mean_env_wait_ms: 18.88024190329743
    mean_inference_ms: 1.7672958303531372
    mean_raw_obs_processing_ms: 0.21752189056990948
  time_since_restore: 61.23303771018982
  time_this_iter_s: 25.852500677108765
  time_total_s: 61.23303771018982
  timers:
    learn_throughput: 753.238
    learn_time_ms: 16036.767
    sample_throughput: 830.769
    sample_time_ms: 14540.137
    update_time_ms: 3.583
  timestamp: 1775552733
  timesteps_since_restore: 0
  timesteps_total: 24159
  training_iteration: 2
  trial_id: ba12a_00000
  
== Status ==
Memory usage on this node: 31.3/187.0 GiB
Using FIFO scheduling algorithm.
Resources requested: 15.0/40 CPUs, 1.0/1 GPUs, 0.0/109.09 GiB heap, 0.0/50.74 GiB objects (0.0/1.0 accelerator_type:V100)
Result logdir: /storage/ice1/4/7/acheng324/soccer-twos-starter/ray_results/PPO_curriculum
Number of trials: 1/1 (1 RUNNING)
+------------------------+----------+-----------------+--------+------------------+-------+----------+----------------------+----------------------+--------------------+
| Trial name             | status   | loc             |   iter |   total time (s) |    ts |   reward |   episode_reward_max |   episode_reward_min |   episode_len_mean |
|------------------------+----------+-----------------+--------+------------------+-------+----------+----------------------+----------------------+--------------------|
| PPO_Soccer_ba12a_00000 | RUNNING  | 0.0.0.0:2146743 |      2 |           61.233 | 24159 | 0.989884 |              2.19574 |            -0.468527 |              805.3 |
+------------------------+----------+-----------------+--------+------------------+-------+----------+----------------------+----------------------+--------------------+


Result for PPO_Soccer_ba12a_00000:
  agent_timesteps_total: 37651
  custom_metrics: {}
  date: 2026-04-07_05-05-59
  done: false
  episode_len_mean: 855.7045454545455
  episode_media: {}
  episode_reward_max: 2.2053914323681933
  episode_reward_mean: 0.9918470340279004
  episode_reward_min: -0.46852660663891643
  episodes_this_iter: 14
  episodes_total: 44
  experiment_id: 20a756f8f4e3401ca0869ecf024d7816
  hostname: atl1-1-01-002-8-0.pace.gatech.edu
  info:
    learner:
      default_policy:
        learner_stats:
          allreduce_latency: 0.0
          cur_kl_coeff: 0.19999999999999998
          cur_lr: 5.000000000000001e-05
          entropy: 3.2742734405229674
          entropy_coeff: 0.0
          kl: 0.020665730560585013
          policy_loss: -0.0647305955512906
          total_loss: -0.054248999189234
          vf_explained_var: 0.5193829536437988
          vf_loss: 0.006348449670938107
    num_agent_steps_sampled: 37651
    num_steps_sampled: 37651
    num_steps_trained: 37651
  iterations_since_restore: 3
  node_ip: 0.0.0.0
  num_healthy_workers: 14
  off_policy_estimator: {}
  perf:
    cpu_util_percent: 10.372222222222222
    ram_util_percent: 16.799999999999997
  pid: 2146743
  policy_reward_max: {}
  policy_reward_mean: {}
  policy_reward_min: {}
  sampler_perf:
    mean_action_processing_ms: 0.10013204586274642
    mean_env_render_ms: 0.0
    mean_env_wait_ms: 18.533155263963824
    mean_inference_ms: 1.7179998154223612
    mean_raw_obs_processing_ms: 0.2155201413219035
  time_since_restore: 86.9942934513092
  time_this_iter_s: 25.761255741119385
  time_total_s: 86.9942934513092
  timers:
    learn_throughput: 757.727
    learn_time_ms: 16563.144
    sample_throughput: 1013.706
    sample_time_ms: 12380.647
    update_time_ms: 3.295
  timestamp: 1775552759
  timesteps_since_restore: 0
  timesteps_total: 37651
  training_iteration: 3
  trial_id: ba12a_00000
  
== Status ==
Memory usage on this node: 31.4/187.0 GiB
Using FIFO scheduling algorithm.
Resources requested: 15.0/40 CPUs, 1.0/1 GPUs, 0.0/109.09 GiB heap, 0.0/50.74 GiB objects (0.0/1.0 accelerator_type:V100)
Result logdir: /storage/ice1/4/7/acheng324/soccer-twos-starter/ray_results/PPO_curriculum
Number of trials: 1/1 (1 RUNNING)
+------------------------+----------+-----------------+--------+------------------+-------+----------+----------------------+----------------------+--------------------+
| Trial name             | status   | loc             |   iter |   total time (s) |    ts |   reward |   episode_reward_max |   episode_reward_min |   episode_len_mean |
|------------------------+----------+-----------------+--------+------------------+-------+----------+----------------------+----------------------+--------------------|
| PPO_Soccer_ba12a_00000 | RUNNING  | 0.0.0.0:2146743 |      3 |          86.9943 | 37651 | 0.991847 |              2.20539 |            -0.468527 |            855.705 |
+------------------------+----------+-----------------+--------+------------------+-------+----------+----------------------+----------------------+--------------------+


Result for PPO_Soccer_ba12a_00000:
  agent_timesteps_total: 50068
  custom_metrics: {}
  date: 2026-04-07_05-06-34
  done: false
  episode_len_mean: 834.4666666666667
  episode_media: {}
  episode_reward_max: 2.2053914323681933
  episode_reward_mean: 1.0258390584761168
  episode_reward_min: -0.46852660663891643
  episodes_this_iter: 16
  episodes_total: 60
  experiment_id: 20a756f8f4e3401ca0869ecf024d7816
  hostname: atl1-1-01-002-8-0.pace.gatech.edu
  info:
    learner:
      default_policy:
        learner_stats:
          allreduce_latency: 0.0
          cur_kl_coeff: 0.3
          cur_lr: 5.000000000000001e-05
          entropy: 3.262413200067014
          entropy_coeff: 0.0
          kl: 0.01610495469399861
          policy_loss: -0.05246076505745248
          total_loss: -0.030019128267482226
          vf_explained_var: 'null'
          vf_loss: 0.017610151719834124
    num_agent_steps_sampled: 50068
    num_steps_sampled: 50068
    num_steps_trained: 50068
  iterations_since_restore: 4
  node_ip: 0.0.0.0
  num_healthy_workers: 14
  off_policy_estimator: {}
  perf:
    cpu_util_percent: 24.112244897959183
    ram_util_percent: 16.799999999999997
  pid: 2146743
  policy_reward_max: {}
  policy_reward_mean: {}
  policy_reward_min: {}
  sampler_perf:
    mean_action_processing_ms: 0.09871314104516382
    mean_env_render_ms: 0.0
    mean_env_wait_ms: 18.22063317115787
    mean_inference_ms: 1.664284364956737
    mean_raw_obs_processing_ms: 0.21478017356361093
  time_since_restore: 121.69636702537537
  time_this_iter_s: 34.70207357406616
  time_total_s: 121.69636702537537
  timers:
    learn_throughput: 758.763
    learn_time_ms: 16496.582
    sample_throughput: 902.798
    sample_time_ms: 13864.674
    update_time_ms: 3.276
  timestamp: 1775552794
  timesteps_since_restore: 0
  timesteps_total: 50068
  training_iteration: 4
  trial_id: ba12a_00000
  
== Status ==
Memory usage on this node: 31.4/187.0 GiB
Using FIFO scheduling algorithm.
Resources requested: 15.0/40 CPUs, 1.0/1 GPUs, 0.0/109.09 GiB heap, 0.0/50.74 GiB objects (0.0/1.0 accelerator_type:V100)
Result logdir: /storage/ice1/4/7/acheng324/soccer-twos-starter/ray_results/PPO_curriculum
Number of trials: 1/1 (1 RUNNING)
+------------------------+----------+-----------------+--------+------------------+-------+----------+----------------------+----------------------+--------------------+
| Trial name             | status   | loc             |   iter |   total time (s) |    ts |   reward |   episode_reward_max |   episode_reward_min |   episode_len_mean |
|------------------------+----------+-----------------+--------+------------------+-------+----------+----------------------+----------------------+--------------------|
| PPO_Soccer_ba12a_00000 | RUNNING  | 0.0.0.0:2146743 |      4 |          121.696 | 50068 |  1.02584 |              2.20539 |            -0.468527 |            834.467 |
+------------------------+----------+-----------------+--------+------------------+-------+----------+----------------------+----------------------+--------------------+


Result for PPO_Soccer_ba12a_00000:
  agent_timesteps_total: 63715
  custom_metrics: {}
  date: 2026-04-07_05-07-03
  done: false
  episode_len_mean: 827.4675324675325
  episode_media: {}
  episode_reward_max: 2.2868759315437646
  episode_reward_mean: 1.1337659040792556
  episode_reward_min: -0.46852660663891643
  episodes_this_iter: 17
  episodes_total: 77
  experiment_id: 20a756f8f4e3401ca0869ecf024d7816
  hostname: atl1-1-01-002-8-0.pace.gatech.edu
  info:
    learner:
      default_policy:
        learner_stats:
          allreduce_latency: 0.0
          cur_kl_coeff: 0.29999999999999993
          cur_lr: 5.0e-05
          entropy: 3.247622681555347
          entropy_coeff: 0.0
          kl: 0.018871884114135092
          policy_loss: -0.06408233954527667
          total_loss: -0.032062880512083246
          vf_explained_var: 0.34756484627723694
          vf_loss: 0.026357894040922696
    num_agent_steps_sampled: 63715
    num_steps_sampled: 63715
    num_steps_trained: 63715
  iterations_since_restore: 5
  node_ip: 0.0.0.0
  num_healthy_workers: 14
  off_policy_estimator: {}
  perf:
    cpu_util_percent: 15.626190476190475
    ram_util_percent: 16.799999999999997
  pid: 2146743
  policy_reward_max: {}
  policy_reward_mean: {}
  policy_reward_min: {}
  sampler_perf:
    mean_action_processing_ms: 0.09728691524471783
    mean_env_render_ms: 0.0
    mean_env_wait_ms: 17.93877004891042
    mean_inference_ms: 1.6197152286365426
    mean_raw_obs_processing_ms: 0.21372835682957142
  time_since_restore: 150.8807065486908
  time_this_iter_s: 29.18433952331543
  time_total_s: 150.8807065486908
  timers:
    learn_throughput: 761.116
    learn_time_ms: 16742.512
    sample_throughput: 953.276
    sample_time_ms: 13367.585
    update_time_ms: 3.157
  timestamp: 1775552823
  timesteps_since_restore: 0
  timesteps_total: 63715
  training_iteration: 5
  trial_id: ba12a_00000
  
== Status ==
Memory usage on this node: 31.5/187.0 GiB
Using FIFO scheduling algorithm.
Resources requested: 15.0/40 CPUs, 1.0/1 GPUs, 0.0/109.09 GiB heap, 0.0/50.74 GiB objects (0.0/1.0 accelerator_type:V100)
Result logdir: /storage/ice1/4/7/acheng324/soccer-twos-starter/ray_results/PPO_curriculum
Number of trials: 1/1 (1 RUNNING)
+------------------------+----------+-----------------+--------+------------------+-------+----------+----------------------+----------------------+--------------------+
| Trial name             | status   | loc             |   iter |   total time (s) |    ts |   reward |   episode_reward_max |   episode_reward_min |   episode_len_mean |
|------------------------+----------+-----------------+--------+------------------+-------+----------+----------------------+----------------------+--------------------|
| PPO_Soccer_ba12a_00000 | RUNNING  | 0.0.0.0:2146743 |      5 |          150.881 | 63715 |  1.13377 |              2.28688 |            -0.468527 |            827.468 |
+------------------------+----------+-----------------+--------+------------------+-------+----------+----------------------+----------------------+--------------------+


Result for PPO_Soccer_ba12a_00000:
  agent_timesteps_total: 77208
  custom_metrics: {}
  date: 2026-04-07_05-07-32
  done: false
  episode_len_mean: 848.4395604395604
  episode_media: {}
  episode_reward_max: 2.5112361914338566
  episode_reward_mean: 1.1966340657956622
  episode_reward_min: -0.46852660663891643
  episodes_this_iter: 14
  episodes_total: 91
  experiment_id: 20a756f8f4e3401ca0869ecf024d7816
  hostname: atl1-1-01-002-8-0.pace.gatech.edu
  info:
    learner:
      default_policy:
        learner_stats:
          allreduce_latency: 0.0
          cur_kl_coeff: 0.3
          cur_lr: 5.000000000000001e-05
          entropy: 3.2432498751946217
          entropy_coeff: 0.0
          kl: 0.021899729896828812
          policy_loss: -0.076911331993475
          total_loss: -0.06340775609824736
          vf_explained_var: 0.43697237968444824
          vf_loss: 0.006933657470036228
    num_agent_steps_sampled: 77208
    num_steps_sampled: 77208
    num_steps_trained: 77208
  iterations_since_restore: 6
  node_ip: 0.0.0.0
  num_healthy_workers: 14
  off_policy_estimator: {}
  perf:
    cpu_util_percent: 12.530952380952382
    ram_util_percent: 16.854761904761908
  pid: 2146743
  policy_reward_max: {}
  policy_reward_mean: {}
  policy_reward_min: {}
  sampler_perf:
    mean_action_processing_ms: 0.09631408589958103
    mean_env_render_ms: 0.0
    mean_env_wait_ms: 17.756304390533057
    mean_inference_ms: 1.5921824032639635
    mean_raw_obs_processing_ms: 0.21283891506143232
  time_since_restore: 180.24358010292053
  time_this_iter_s: 29.362873554229736
  time_total_s: 180.24358010292053
  timers:
    learn_throughput: 762.05
    learn_time_ms: 16886.024
    sample_throughput: 983.455
    sample_time_ms: 13084.489
    update_time_ms: 3.138
  timestamp: 1775552852
  timesteps_since_restore: 0
  timesteps_total: 77208
  training_iteration: 6
  trial_id: ba12a_00000
  
== Status ==
Memory usage on this node: 31.5/187.0 GiB
Using FIFO scheduling algorithm.
Resources requested: 15.0/40 CPUs, 1.0/1 GPUs, 0.0/109.09 GiB heap, 0.0/50.74 GiB objects (0.0/1.0 accelerator_type:V100)
Result logdir: /storage/ice1/4/7/acheng324/soccer-twos-starter/ray_results/PPO_curriculum
Number of trials: 1/1 (1 RUNNING)
+------------------------+----------+-----------------+--------+------------------+-------+----------+----------------------+----------------------+--------------------+
| Trial name             | status   | loc             |   iter |   total time (s) |    ts |   reward |   episode_reward_max |   episode_reward_min |   episode_len_mean |
|------------------------+----------+-----------------+--------+------------------+-------+----------+----------------------+----------------------+--------------------|
| PPO_Soccer_ba12a_00000 | RUNNING  | 0.0.0.0:2146743 |      6 |          180.244 | 77208 |  1.19663 |              2.51124 |            -0.468527 |             848.44 |
+------------------------+----------+-----------------+--------+------------------+-------+----------+----------------------+----------------------+--------------------+


Result for PPO_Soccer_ba12a_00000:
  agent_timesteps_total: 87239
  custom_metrics: {}
  date: 2026-04-07_05-08-00
  done: false
  episode_len_mean: 812.21
  episode_media: {}
  episode_reward_max: 2.523616854939608
  episode_reward_mean: 1.3320368323961358
  episode_reward_min: -0.46852660663891643
  episodes_this_iter: 20
  episodes_total: 111
  experiment_id: 20a756f8f4e3401ca0869ecf024d7816
  hostname: atl1-1-01-002-8-0.pace.gatech.edu
  info:
    learner:
      default_policy:
        learner_stats:
          allreduce_latency: 0.0
          cur_kl_coeff: 0.45000000000000034
          cur_lr: 5.0000000000000016e-05
          entropy: 3.228956436809105
          entropy_coeff: 0.0
          kl: 0.01912576896197434
          policy_loss: -0.08418909871738546
          total_loss: -0.022806874464584303
          vf_explained_var: 0.37191951274871826
          vf_loss: 0.052775628959076316
    num_agent_steps_sampled: 87239
    num_steps_sampled: 87239
    num_steps_trained: 87239
  iterations_since_restore: 7
  node_ip: 0.0.0.0
  num_healthy_workers: 14
  off_policy_estimator: {}
  perf:
    cpu_util_percent: 19.94871794871795
    ram_util_percent: 16.799999999999994
  pid: 2146743
  policy_reward_max: {}
  policy_reward_mean: {}
  policy_reward_min: {}
  sampler_perf:
    mean_action_processing_ms: 0.09405374626027864
    mean_env_render_ms: 0.0
    mean_env_wait_ms: 17.300735974631596
    mean_inference_ms: 1.5217136384413803
    mean_raw_obs_processing_ms: 0.21124465662738875
  time_since_restore: 207.74646019935608
  time_this_iter_s: 27.502880096435547
  time_total_s: 207.74646019935608
  timers:
    learn_throughput: 762.526
    learn_time_ms: 16343.993
    sample_throughput: 939.771
    sample_time_ms: 13261.442
    update_time_ms: 3.105
  timestamp: 1775552880
  timesteps_since_restore: 0
  timesteps_total: 87239
  training_iteration: 7
  trial_id: ba12a_00000
  
== Status ==
Memory usage on this node: 31.4/187.0 GiB
Using FIFO scheduling algorithm.
Resources requested: 15.0/40 CPUs, 1.0/1 GPUs, 0.0/109.09 GiB heap, 0.0/50.74 GiB objects (0.0/1.0 accelerator_type:V100)
Result logdir: /storage/ice1/4/7/acheng324/soccer-twos-starter/ray_results/PPO_curriculum
Number of trials: 1/1 (1 RUNNING)
+------------------------+----------+-----------------+--------+------------------+-------+----------+----------------------+----------------------+--------------------+
| Trial name             | status   | loc             |   iter |   total time (s) |    ts |   reward |   episode_reward_max |   episode_reward_min |   episode_len_mean |
|------------------------+----------+-----------------+--------+------------------+-------+----------+----------------------+----------------------+--------------------|
| PPO_Soccer_ba12a_00000 | RUNNING  | 0.0.0.0:2146743 |      7 |          207.746 | 87239 |  1.33204 |              2.52362 |            -0.468527 |             812.21 |
+------------------------+----------+-----------------+--------+------------------+-------+----------+----------------------+----------------------+--------------------+


Result for PPO_Soccer_ba12a_00000:
  agent_timesteps_total: 96470
  custom_metrics: {}
  date: 2026-04-07_05-08-20
  done: false
  episode_len_mean: 743.11
  episode_media: {}
  episode_reward_max: 2.6012832121038785
  episode_reward_mean: 1.5474478532451408
  episode_reward_min: 0.00344396710395813
  episodes_this_iter: 17
  episodes_total: 128
  experiment_id: 20a756f8f4e3401ca0869ecf024d7816
  hostname: atl1-1-01-002-8-0.pace.gatech.edu
  info:
    learner:
      default_policy:
        learner_stats:
          allreduce_latency: 0.0
          cur_kl_coeff: 0.4500000000000001
          cur_lr: 5.000000000000001e-05
          entropy: 3.2165858582274556
          entropy_coeff: 0.0
          kl: 0.01849889709320787
          policy_loss: -0.08475989452882172
          total_loss: -0.02307751950846143
          vf_explained_var: 0.3410421311855316
          vf_loss: 0.05335787204030442
    num_agent_steps_sampled: 96470
    num_steps_sampled: 96470
    num_steps_trained: 96470
  iterations_since_restore: 8
  node_ip: 0.0.0.0
  num_healthy_workers: 14
  off_policy_estimator: {}
  perf:
    cpu_util_percent: 17.442857142857143
    ram_util_percent: 16.800000000000004
  pid: 2146743
  policy_reward_max: {}
  policy_reward_mean: {}
  policy_reward_min: {}
  sampler_perf:
    mean_action_processing_ms: 0.09297029910611927
    mean_env_render_ms: 0.0
    mean_env_wait_ms: 17.065765494982653
    mean_inference_ms: 1.4801463026033317
    mean_raw_obs_processing_ms: 0.21123124774014068
  time_since_restore: 227.6026167869568
  time_this_iter_s: 19.856156587600708
  time_total_s: 227.6026167869568
  timers:
    learn_throughput: 762.183
    learn_time_ms: 15821.339
    sample_throughput: 960.341
    sample_time_ms: 12556.739
    update_time_ms: 3.106
  timestamp: 1775552900
  timesteps_since_restore: 0
  timesteps_total: 96470
  training_iteration: 8
  trial_id: ba12a_00000
  
== Status ==
Memory usage on this node: 31.4/187.0 GiB
Using FIFO scheduling algorithm.
Resources requested: 15.0/40 CPUs, 1.0/1 GPUs, 0.0/109.09 GiB heap, 0.0/50.74 GiB objects (0.0/1.0 accelerator_type:V100)
Result logdir: /storage/ice1/4/7/acheng324/soccer-twos-starter/ray_results/PPO_curriculum
Number of trials: 1/1 (1 RUNNING)
+------------------------+----------+-----------------+--------+------------------+-------+----------+----------------------+----------------------+--------------------+
| Trial name             | status   | loc             |   iter |   total time (s) |    ts |   reward |   episode_reward_max |   episode_reward_min |   episode_len_mean |
|------------------------+----------+-----------------+--------+------------------+-------+----------+----------------------+----------------------+--------------------|
| PPO_Soccer_ba12a_00000 | RUNNING  | 0.0.0.0:2146743 |      8 |          227.603 | 96470 |  1.54745 |              2.60128 |           0.00344397 |             743.11 |
+------------------------+----------+-----------------+--------+------------------+-------+----------+----------------------+----------------------+--------------------+


[2m[36m(pid=2146743, ip=172.27.144.17)[0m ---- Updating tasks!!! ----
[2m[36m(pid=2146743, ip=172.27.144.17)[0m Current task: 1 - Easy Goal
Result for PPO_Soccer_ba12a_00000:
  agent_timesteps_total: 106898
  custom_metrics: {}
  date: 2026-04-07_05-08-42
  done: false
  episode_len_mean: 683.93
  episode_media: {}
  episode_reward_max: 2.6741337996534993
  episode_reward_mean: 1.7382313389519786
  episode_reward_min: 0.00344396710395813
  episodes_this_iter: 17
  episodes_total: 145
  experiment_id: 20a756f8f4e3401ca0869ecf024d7816
  hostname: atl1-1-01-002-8-0.pace.gatech.edu
  info:
    learner:
      default_policy:
        learner_stats:
          allreduce_latency: 0.0
          cur_kl_coeff: 0.4500000000000002
          cur_lr: 5.0e-05
          entropy: 3.2111514399691328
          entropy_coeff: 0.0
          kl: 0.01958213058277601
          policy_loss: -0.08328019124569326
          total_loss: -0.03174731001348757
          vf_explained_var: 0.34164485335350037
          vf_loss: 0.04272092306395856
    num_agent_steps_sampled: 106898
    num_steps_sampled: 106898
    num_steps_trained: 106898
  iterations_since_restore: 9
  node_ip: 0.0.0.0
  num_healthy_workers: 14
  off_policy_estimator: {}
  perf:
    cpu_util_percent: 14.915151515151516
    ram_util_percent: 16.8
  pid: 2146743
  policy_reward_max: {}
  policy_reward_mean: {}
  policy_reward_min: {}
  sampler_perf:
    mean_action_processing_ms: 0.09195852459562652
    mean_env_render_ms: 0.0
    mean_env_wait_ms: 16.856698793455006
    mean_inference_ms: 1.4461259791374956
    mean_raw_obs_processing_ms: 0.21111407017194522
  time_since_restore: 250.2454912662506
  time_this_iter_s: 22.642874479293823
  time_total_s: 250.2454912662506
  timers:
    learn_throughput: 762.518
    learn_time_ms: 15576.761
    sample_throughput: 977.009
    sample_time_ms: 12157.053
    update_time_ms: 3.108
  timestamp: 1775552922
  timesteps_since_restore: 0
  timesteps_total: 106898
  training_iteration: 9
  trial_id: ba12a_00000
  
== Status ==
Memory usage on this node: 31.4/187.0 GiB
Using FIFO scheduling algorithm.
Resources requested: 15.0/40 CPUs, 1.0/1 GPUs, 0.0/109.09 GiB heap, 0.0/50.74 GiB objects (0.0/1.0 accelerator_type:V100)
Result logdir: /storage/ice1/4/7/acheng324/soccer-twos-starter/ray_results/PPO_curriculum
Number of trials: 1/1 (1 RUNNING)
+------------------------+----------+-----------------+--------+------------------+--------+----------+----------------------+----------------------+--------------------+
| Trial name             | status   | loc             |   iter |   total time (s) |     ts |   reward |   episode_reward_max |   episode_reward_min |   episode_len_mean |
|------------------------+----------+-----------------+--------+------------------+--------+----------+----------------------+----------------------+--------------------|
| PPO_Soccer_ba12a_00000 | RUNNING  | 0.0.0.0:2146743 |      9 |          250.245 | 106898 |  1.73823 |              2.67413 |           0.00344397 |             683.93 |
+------------------------+----------+-----------------+--------+------------------+--------+----------+----------------------+----------------------+--------------------+


[2m[36m(pid=2146743, ip=172.27.144.17)[0m ---- Updating tasks!!! ----
[2m[36m(pid=2146743, ip=172.27.144.17)[0m Current task: 2 - Medium Goal
Result for PPO_Soccer_ba12a_00000:
  agent_timesteps_total: 118042
  custom_metrics: {}
  date: 2026-04-07_05-09-10
  done: false
  episode_len_mean: 640.75
  episode_media: {}
  episode_reward_max: 2.6741337996534993
  episode_reward_mean: 1.8915175487683735
  episode_reward_min: 0.41709223419427843
  episodes_this_iter: 20
  episodes_total: 165
  experiment_id: 20a756f8f4e3401ca0869ecf024d7816
  hostname: atl1-1-01-002-8-0.pace.gatech.edu
  info:
    learner:
      default_policy:
        learner_stats:
          allreduce_latency: 0.0
          cur_kl_coeff: 0.4500000000000001
          cur_lr: 5.0000000000000016e-05
          entropy: 3.2026569220152767
          entropy_coeff: 0.0
          kl: 0.01861596115949479
          policy_loss: -0.0833324973937124
          total_loss: -0.020009245712902735
          vf_explained_var: 0.3367709815502167
          vf_loss: 0.054946070198308335
    num_agent_steps_sampled: 118042
    num_steps_sampled: 118042
    num_steps_trained: 118042
  iterations_since_restore: 10
  node_ip: 0.0.0.0
  num_healthy_workers: 14
  off_policy_estimator: {}
  perf:
    cpu_util_percent: 19.99230769230769
    ram_util_percent: 16.799999999999994
  pid: 2146743
  policy_reward_max: {}
  policy_reward_mean: {}
  policy_reward_min: {}
  sampler_perf:
    mean_action_processing_ms: 0.0918408348108895
    mean_env_render_ms: 0.0
    mean_env_wait_ms: 16.825656753995762
    mean_inference_ms: 1.4353597453183233
    mean_raw_obs_processing_ms: 0.21258116335856314
  time_since_restore: 277.63874220848083
  time_this_iter_s: 27.393250942230225
  time_total_s: 277.63874220848083
  timers:
    learn_throughput: 762.077
    learn_time_ms: 15489.515
    sample_throughput: 967.318
    sample_time_ms: 12203.017
    update_time_ms: 3.125
  timestamp: 1775552950
  timesteps_since_restore: 0
  timesteps_total: 118042
  training_iteration: 10
  trial_id: ba12a_00000
  
== Status ==
Memory usage on this node: 31.5/187.0 GiB
Using FIFO scheduling algorithm.
Resources requested: 15.0/40 CPUs, 1.0/1 GPUs, 0.0/109.09 GiB heap, 0.0/50.74 GiB objects (0.0/1.0 accelerator_type:V100)
Result logdir: /storage/ice1/4/7/acheng324/soccer-twos-starter/ray_results/PPO_curriculum
Number of trials: 1/1 (1 RUNNING)
+------------------------+----------+-----------------+--------+------------------+--------+----------+----------------------+----------------------+--------------------+
| Trial name             | status   | loc             |   iter |   total time (s) |     ts |   reward |   episode_reward_max |   episode_reward_min |   episode_len_mean |
|------------------------+----------+-----------------+--------+------------------+--------+----------+----------------------+----------------------+--------------------|
| PPO_Soccer_ba12a_00000 | RUNNING  | 0.0.0.0:2146743 |     10 |          277.639 | 118042 |  1.89152 |              2.67413 |             0.417092 |             640.75 |
+------------------------+----------+-----------------+--------+------------------+--------+----------+----------------------+----------------------+--------------------+


[2m[36m(pid=2146743, ip=172.27.144.17)[0m ---- Updating tasks!!! ----
[2m[36m(pid=2146743, ip=172.27.144.17)[0m Current task: 3 - Hard Goal
Result for PPO_Soccer_ba12a_00000:
  agent_timesteps_total: 128730
  custom_metrics: {}
  date: 2026-04-07_05-09-34
  done: true
  episode_len_mean: 605.22
  episode_media: {}
  episode_reward_max: 2.6741337996534993
  episode_reward_mean: 1.9397181378656179
  episode_reward_min: 0.559378720596433
  episodes_this_iter: 17
  episodes_total: 182
  experiment_id: 20a756f8f4e3401ca0869ecf024d7816
  hostname: atl1-1-01-002-8-0.pace.gatech.edu
  info:
    learner:
      default_policy:
        learner_stats:
          allreduce_latency: 0.0
          cur_kl_coeff: 0.45000000000000023
          cur_lr: 4.9999999999999996e-05
          entropy: 3.1914635187103633
          entropy_coeff: 0.0
          kl: 0.018711731769144535
          policy_loss: -0.09019054681994021
          total_loss: -0.041141573971669586
          vf_explained_var: 0.4106488525867462
          vf_loss: 0.04062869284479391
    num_agent_steps_sampled: 128730
    num_steps_sampled: 128730
    num_steps_trained: 128730
  iterations_since_restore: 11
  node_ip: 0.0.0.0
  num_healthy_workers: 14
  off_policy_estimator: {}
  perf:
    cpu_util_percent: 17.55294117647059
    ram_util_percent: 16.799999999999997
  pid: 2146743
  policy_reward_max: {}
  policy_reward_mean: {}
  policy_reward_min: {}
  sampler_perf:
    mean_action_processing_ms: 0.0916918228577971
    mean_env_render_ms: 0.0
    mean_env_wait_ms: 16.80153081837307
    mean_inference_ms: 1.4281328326274434
    mean_raw_obs_processing_ms: 0.21294682746866286
  time_since_restore: 301.72812938690186
  time_this_iter_s: 24.08938717842102
  time_total_s: 301.72812938690186
  timers:
    learn_throughput: 764.288
    learn_time_ms: 15424.692
    sample_throughput: 1059.008
    sample_time_ms: 11132.02
    update_time_ms: 3.045
  timestamp: 1775552974
  timesteps_since_restore: 0
  timesteps_total: 128730
  training_iteration: 11
  trial_id: ba12a_00000
  
== Status ==
Memory usage on this node: 31.5/187.0 GiB
Using FIFO scheduling algorithm.
Resources requested: 15.0/40 CPUs, 1.0/1 GPUs, 0.0/109.09 GiB heap, 0.0/50.74 GiB objects (0.0/1.0 accelerator_type:V100)
Result logdir: /storage/ice1/4/7/acheng324/soccer-twos-starter/ray_results/PPO_curriculum
Number of trials: 1/1 (1 RUNNING)
+------------------------+----------+-----------------+--------+------------------+--------+----------+----------------------+----------------------+--------------------+
| Trial name             | status   | loc             |   iter |   total time (s) |     ts |   reward |   episode_reward_max |   episode_reward_min |   episode_len_mean |
|------------------------+----------+-----------------+--------+------------------+--------+----------+----------------------+----------------------+--------------------|
| PPO_Soccer_ba12a_00000 | RUNNING  | 0.0.0.0:2146743 |     11 |          301.728 | 128730 |  1.93972 |              2.67413 |             0.559379 |             605.22 |
+------------------------+----------+-----------------+--------+------------------+--------+----------+----------------------+----------------------+--------------------+


[2m[36m(pid=2146743, ip=172.27.144.17)[0m ---- Updating tasks!!! ----
[2m[36m(pid=2146743, ip=172.27.144.17)[0m Current task: 4 - Random Players
== Status ==
Memory usage on this node: 31.5/187.0 GiB
Using FIFO scheduling algorithm.
Resources requested: 0/40 CPUs, 0/1 GPUs, 0.0/109.09 GiB heap, 0.0/50.74 GiB objects (0.0/1.0 accelerator_type:V100)
Result logdir: /storage/ice1/4/7/acheng324/soccer-twos-starter/ray_results/PPO_curriculum
Number of trials: 1/1 (1 TERMINATED)
+------------------------+------------+-------+--------+------------------+--------+----------+----------------------+----------------------+--------------------+
| Trial name             | status     | loc   |   iter |   total time (s) |     ts |   reward |   episode_reward_max |   episode_reward_min |   episode_len_mean |
|------------------------+------------+-------+--------+------------------+--------+----------+----------------------+----------------------+--------------------|
| PPO_Soccer_ba12a_00000 | TERMINATED |       |     11 |          301.728 | 128730 |  1.93972 |              2.67413 |             0.559379 |             605.22 |
+------------------------+------------+-------+--------+------------------+--------+----------+----------------------+----------------------+--------------------+


PPO_Soccer_ba12a_00000
/storage/ice1/4/7/acheng324/soccer-twos-starter/ray_results/PPO_curriculum/PPO_Soccer_ba12a_00000_0_2026-04-07_05-04-05/checkpoint_000011/checkpoint-11
Done training
=== Job finished at Tue Apr  7 05:09:39 EDT 2026 ===
---------------------------------------
Begin Slurm Epilog: Apr-07-2026 05:09:40
Job ID:        4619521
User ID:       acheng324
Account:       coc
Job name:      soccertwos
Resources:     cpu=16,gres/gpu:v100=1,mem=48G,node=1
Rsrc Used:     cput=01:57:20,vmem=0,walltime=00:07:20,mem=12240076K,energy_used=0
Partition:     ice-gpu
QOS:           coc-ice
Nodes:         atl1-1-01-002-8-0
---------------------------------------
